Archive member included to satisfy reference by file (symbol)

c:/st/stm32cubeide_1.5.1/stm32cubeide/plugins/com.st.stm32cube.ide.mcu.externaltools.gnu-tools-for-stm32.7-2018-q2-update.win32_1.5.0.202011040924/tools/bin/../lib/gcc/arm-none-eabi/7.3.1/../../../../arm-none-eabi/lib/thumb/v7e-m/fpv4-sp/hard\libc_nano.a(lib_a-errno.o)
                              Core/Src/syscalls.o (__errno)
c:/st/stm32cubeide_1.5.1/stm32cubeide/plugins/com.st.stm32cube.ide.mcu.externaltools.gnu-tools-for-stm32.7-2018-q2-update.win32_1.5.0.202011040924/tools/bin/../lib/gcc/arm-none-eabi/7.3.1/../../../../arm-none-eabi/lib/thumb/v7e-m/fpv4-sp/hard\libc_nano.a(lib_a-exit.o)
                              c:/st/stm32cubeide_1.5.1/stm32cubeide/plugins/com.st.stm32cube.ide.mcu.externaltools.gnu-tools-for-stm32.7-2018-q2-update.win32_1.5.0.202011040924/tools/bin/../lib/gcc/arm-none-eabi/7.3.1/../../../../arm-none-eabi/lib/thumb/v7e-m/fpv4-sp/hard/crt0.o (exit)
c:/st/stm32cubeide_1.5.1/stm32cubeide/plugins/com.st.stm32cube.ide.mcu.externaltools.gnu-tools-for-stm32.7-2018-q2-update.win32_1.5.0.202011040924/tools/bin/../lib/gcc/arm-none-eabi/7.3.1/../../../../arm-none-eabi/lib/thumb/v7e-m/fpv4-sp/hard\libc_nano.a(lib_a-impure.o)
                              c:/st/stm32cubeide_1.5.1/stm32cubeide/plugins/com.st.stm32cube.ide.mcu.externaltools.gnu-tools-for-stm32.7-2018-q2-update.win32_1.5.0.202011040924/tools/bin/../lib/gcc/arm-none-eabi/7.3.1/../../../../arm-none-eabi/lib/thumb/v7e-m/fpv4-sp/hard\libc_nano.a(lib_a-exit.o) (_global_impure_ptr)
c:/st/stm32cubeide_1.5.1/stm32cubeide/plugins/com.st.stm32cube.ide.mcu.externaltools.gnu-tools-for-stm32.7-2018-q2-update.win32_1.5.0.202011040924/tools/bin/../lib/gcc/arm-none-eabi/7.3.1/../../../../arm-none-eabi/lib/thumb/v7e-m/fpv4-sp/hard\libc_nano.a(lib_a-init.o)
                              c:/st/stm32cubeide_1.5.1/stm32cubeide/plugins/com.st.stm32cube.ide.mcu.externaltools.gnu-tools-for-stm32.7-2018-q2-update.win32_1.5.0.202011040924/tools/bin/../lib/gcc/arm-none-eabi/7.3.1/../../../../arm-none-eabi/lib/thumb/v7e-m/fpv4-sp/hard/crt0.o (__libc_init_array)
c:/st/stm32cubeide_1.5.1/stm32cubeide/plugins/com.st.stm32cube.ide.mcu.externaltools.gnu-tools-for-stm32.7-2018-q2-update.win32_1.5.0.202011040924/tools/bin/../lib/gcc/arm-none-eabi/7.3.1/../../../../arm-none-eabi/lib/thumb/v7e-m/fpv4-sp/hard\libc_nano.a(lib_a-malloc.o)
                              Middlewares/ST/STM32_USB_Host_Library/Class/CDC/Src/usbh_cdc.o (malloc)
c:/st/stm32cubeide_1.5.1/stm32cubeide/plugins/com.st.stm32cube.ide.mcu.externaltools.gnu-tools-for-stm32.7-2018-q2-update.win32_1.5.0.202011040924/tools/bin/../lib/gcc/arm-none-eabi/7.3.1/../../../../arm-none-eabi/lib/thumb/v7e-m/fpv4-sp/hard\libc_nano.a(lib_a-memcpy-stub.o)
                              Middlewares/Third_Party/FreeRTOS/Source/queue.o (memcpy)
c:/st/stm32cubeide_1.5.1/stm32cubeide/plugins/com.st.stm32cube.ide.mcu.externaltools.gnu-tools-for-stm32.7-2018-q2-update.win32_1.5.0.202011040924/tools/bin/../lib/gcc/arm-none-eabi/7.3.1/../../../../arm-none-eabi/lib/thumb/v7e-m/fpv4-sp/hard\libc_nano.a(lib_a-memset.o)
                              c:/st/stm32cubeide_1.5.1/stm32cubeide/plugins/com.st.stm32cube.ide.mcu.externaltools.gnu-tools-for-stm32.7-2018-q2-update.win32_1.5.0.202011040924/tools/bin/../lib/gcc/arm-none-eabi/7.3.1/../../../../arm-none-eabi/lib/thumb/v7e-m/fpv4-sp/hard/crt0.o (memset)
c:/st/stm32cubeide_1.5.1/stm32cubeide/plugins/com.st.stm32cube.ide.mcu.externaltools.gnu-tools-for-stm32.7-2018-q2-update.win32_1.5.0.202011040924/tools/bin/../lib/gcc/arm-none-eabi/7.3.1/../../../../arm-none-eabi/lib/thumb/v7e-m/fpv4-sp/hard\libc_nano.a(lib_a-nano-freer.o)
                              c:/st/stm32cubeide_1.5.1/stm32cubeide/plugins/com.st.stm32cube.ide.mcu.externaltools.gnu-tools-for-stm32.7-2018-q2-update.win32_1.5.0.202011040924/tools/bin/../lib/gcc/arm-none-eabi/7.3.1/../../../../arm-none-eabi/lib/thumb/v7e-m/fpv4-sp/hard\libc_nano.a(lib_a-malloc.o) (_free_r)
c:/st/stm32cubeide_1.5.1/stm32cubeide/plugins/com.st.stm32cube.ide.mcu.externaltools.gnu-tools-for-stm32.7-2018-q2-update.win32_1.5.0.202011040924/tools/bin/../lib/gcc/arm-none-eabi/7.3.1/../../../../arm-none-eabi/lib/thumb/v7e-m/fpv4-sp/hard\libc_nano.a(lib_a-nano-mallocr.o)
                              c:/st/stm32cubeide_1.5.1/stm32cubeide/plugins/com.st.stm32cube.ide.mcu.externaltools.gnu-tools-for-stm32.7-2018-q2-update.win32_1.5.0.202011040924/tools/bin/../lib/gcc/arm-none-eabi/7.3.1/../../../../arm-none-eabi/lib/thumb/v7e-m/fpv4-sp/hard\libc_nano.a(lib_a-malloc.o) (_malloc_r)
c:/st/stm32cubeide_1.5.1/stm32cubeide/plugins/com.st.stm32cube.ide.mcu.externaltools.gnu-tools-for-stm32.7-2018-q2-update.win32_1.5.0.202011040924/tools/bin/../lib/gcc/arm-none-eabi/7.3.1/../../../../arm-none-eabi/lib/thumb/v7e-m/fpv4-sp/hard\libc_nano.a(lib_a-nano-vfprintf_float.o)
                              (_printf_float)
[...]
Memory Configuration

Name             Origin             Length             Attributes
CCMRAM           0x0000000010000000 0x0000000000010000 xrw
RAM              0x0000000020000000 0x0000000000030000 xrw
FLASH            0x0000000008000000 0x0000000000200000 xr
*default*        0x0000000000000000 0xffffffffffffffff

Linker script and memory map

LOAD c:/st/stm32cubeide_1.5.1/stm32cubeide/plugins/com.st.stm32cube.ide.mcu.externaltools.gnu-tools-for-stm32.7-2018-q2-update.win32_1.5.0.202011040924/tools/bin/../lib/gcc/arm-none-eabi/7.3.1/thumb/v7e-m/fpv4-sp/hard/crti.o
LOAD c:/st/stm32cubeide_1.5.1/stm32cubeide/plugins/com.st.stm32cube.ide.mcu.externaltools.gnu-tools-for-stm32.7-2018-q2-update.win32_1.5.0.202011040924/tools/bin/../lib/gcc/arm-none-eabi/7.3.1/thumb/v7e-m/fpv4-sp/hard/crtbegin.o
LOAD c:/st/stm32cubeide_1.5.1/stm32cubeide/plugins/com.st.stm32cube.ide.mcu.externaltools.gnu-tools-for-stm32.7-2018-q2-update.win32_1.5.0.202011040924/tools/bin/../lib/gcc/arm-none-eabi/7.3.1/../../../../arm-none-eabi/lib/thumb/v7e-m/fpv4-sp/hard/crt0.o
LOAD Core/Src/freertos.o
LOAD Core/Src/ili9341.o
LOAD Core/Src/main.o
LOAD Core/Src/stm32f429i_discovery.o
LOAD Core/Src/stm32f429i_discovery_lcd.o
LOAD Core/Src/stm32f429i_discovery_sdram.o
LOAD Core/Src/stm32f4xx_hal_msp.o
LOAD Core/Src/stm32f4xx_hal_timebase_tim.o
LOAD Core/Src/stm32f4xx_it.o
LOAD Core/Src/syscalls.o
LOAD Core/Src/sysmem.o
LOAD Core/Src/system_stm32f4xx.o
LOAD Core/Startup/startup_stm32f429zitx.o
LOAD Drivers/STM32F4xx_HAL_Driver/Src/stm32f4xx_hal.o
LOAD Drivers/STM32F4xx_HAL_Driver/Src/stm32f4xx_hal_cortex.o
LOAD Drivers/STM32F4xx_HAL_Driver/Src/stm32f4xx_hal_crc.o
LOAD Drivers/STM32F4xx_HAL_Driver/Src/stm32f4xx_hal_dma.o
LOAD Drivers/STM32F4xx_HAL_Driver/Src/stm32f4xx_hal_dma2d.o
LOAD Drivers/STM32F4xx_HAL_Driver/Src/stm32f4xx_hal_dma_ex.o
LOAD Drivers/STM32F4xx_HAL_Driver/Src/stm32f4xx_hal_dsi.o
LOAD Drivers/STM32F4xx_HAL_Driver/Src/stm32f4xx_hal_exti.o
LOAD Drivers/STM32F4xx_HAL_Driver/Src/stm32f4xx_hal_flash.o
LOAD Drivers/STM32F4xx_HAL_Driver/Src/stm32f4xx_hal_flash_ex.o
LOAD Drivers/STM32F4xx_HAL_Driver/Src/stm32f4xx_hal_flash_ramfunc.o
LOAD Drivers/STM32F4xx_HAL_Driver/Src/stm32f4xx_hal_gpio.o
LOAD Drivers/STM32F4xx_HAL_Driver/Src/stm32f4xx_hal_hcd.o
LOAD Drivers/STM32F4xx_HAL_Driver/Src/stm32f4xx_hal_i2c.o
LOAD Drivers/STM32F4xx_HAL_Driver/Src/stm32f4xx_hal_i2c_ex.o
LOAD Drivers/STM32F4xx_HAL_Driver/Src/stm32f4xx_hal_ltdc.o
LOAD Drivers/STM32F4xx_HAL_Driver/Src/stm32f4xx_hal_ltdc_ex.o
LOAD Drivers/STM32F4xx_HAL_Driver/Src/stm32f4xx_hal_pwr.o
LOAD Drivers/STM32F4xx_HAL_Driver/Src/stm32f4xx_hal_pwr_ex.o
LOAD Drivers/STM32F4xx_HAL_Driver/Src/stm32f4xx_hal_rcc.o
LOAD Drivers/STM32F4xx_HAL_Driver/Src/stm32f4xx_hal_rcc_ex.o
LOAD Drivers/STM32F4xx_HAL_Driver/Src/stm32f4xx_hal_sdram.o
LOAD Drivers/STM32F4xx_HAL_Driver/Src/stm32f4xx_hal_spi.o
LOAD Drivers/STM32F4xx_HAL_Driver/Src/stm32f4xx_hal_tim.o
LOAD Drivers/STM32F4xx_HAL_Driver/Src/stm32f4xx_hal_tim_ex.o
LOAD Drivers/STM32F4xx_HAL_Driver/Src/stm32f4xx_hal_uart.o
LOAD Drivers/STM32F4xx_HAL_Driver/Src/stm32f4xx_ll_fmc.o
LOAD Drivers/STM32F4xx_HAL_Driver/Src/stm32f4xx_ll_usb.o
LOAD Middlewares/ST/STM32_USB_Host_Library/Class/CDC/Src/usbh_cdc.o
LOAD Middlewares/ST/STM32_USB_Host_Library/Core/Src/usbh_core.o
LOAD Middlewares/ST/STM32_USB_Host_Library/Core/Src/usbh_ctlreq.o
LOAD Middlewares/ST/STM32_USB_Host_Library/Core/Src/usbh_ioreq.o
LOAD Middlewares/ST/STM32_USB_Host_Library/Core/Src/usbh_pipes.o
LOAD Middlewares/Third_Party/FreeRTOS/Source/CMSIS_RTOS/cmsis_os.o
LOAD Middlewares/Third_Party/FreeRTOS/Source/croutine.o
LOAD Middlewares/Third_Party/FreeRTOS/Source/event_groups.o
LOAD Middlewares/Third_Party/FreeRTOS/Source/list.o
LOAD Middlewares/Third_Party/FreeRTOS/Source/queue.o
LOAD Middlewares/Third_Party/FreeRTOS/Source/stream_buffer.o
LOAD Middlewares/Third_Party/FreeRTOS/Source/tasks.o
LOAD Middlewares/Third_Party/FreeRTOS/Source/timers.o
LOAD Middlewares/Third_Party/FreeRTOS/Source/portable/GCC/ARM_CM4F/port.o
LOAD Middlewares/Third_Party/FreeRTOS/Source/portable/MemMang/heap_4.o
LOAD USB_HOST/App/usb_host.o
LOAD USB_HOST/Target/usbh_conf.o
LOAD USB_HOST/Target/usbh_platform.o
START GROUP
LOAD c:/st/stm32cubeide_1.5.1/stm32cubeide/plugins/com.st.stm32cube.ide.mcu.externaltools.gnu-tools-for-stm32.7-2018-q2-update.win32_1.5.0.202011040924/tools/bin/../lib/gcc/arm-none-eabi/7.3.1/../../../../arm-none-eabi/lib/thumb/v7e-m/fpv4-sp/hard\libc_nano.a
LOAD c:/st/stm32cubeide_1.5.1/stm32cubeide/plugins/com.st.stm32cube.ide.mcu.externaltools.gnu-tools-for-stm32.7-2018-q2-update.win32_1.5.0.202011040924/tools/bin/../lib/gcc/arm-none-eabi/7.3.1/../../../../arm-none-eabi/lib/thumb/v7e-m/fpv4-sp/hard\libm.a
END GROUP
START GROUP
LOAD c:/st/stm32cubeide_1.5.1/stm32cubeide/plugins/com.st.stm32cube.ide.mcu.externaltools.gnu-tools-for-stm32.7-2018-q2-update.win32_1.5.0.202011040924/tools/bin/../lib/gcc/arm-none-eabi/7.3.1/thumb/v7e-m/fpv4-sp/hard\libgcc.a
LOAD c:/st/stm32cubeide_1.5.1/stm32cubeide/plugins/com.st.stm32cube.ide.mcu.externaltools.gnu-tools-for-stm32.7-2018-q2-update.win32_1.5.0.202011040924/tools/bin/../lib/gcc/arm-none-eabi/7.3.1/../../../../arm-none-eabi/lib/thumb/v7e-m/fpv4-sp/hard\libc_nano.a
END GROUP
START GROUP
LOAD c:/st/stm32cubeide_1.5.1/stm32cubeide/plugins/com.st.stm32cube.ide.mcu.externaltools.gnu-tools-for-stm32.7-2018-q2-update.win32_1.5.0.202011040924/tools/bin/../lib/gcc/arm-none-eabi/7.3.1/thumb/v7e-m/fpv4-sp/hard\libgcc.a
LOAD c:/st/stm32cubeide_1.5.1/stm32cubeide/plugins/com.st.stm32cube.ide.mcu.externaltools.gnu-tools-for-stm32.7-2018-q2-update.win32_1.5.0.202011040924/tools/bin/../lib/gcc/arm-none-eabi/7.3.1/../../../../arm-none-eabi/lib/thumb/v7e-m/fpv4-sp/hard\libc_nano.a
LOAD c:/st/stm32cubeide_1.5.1/stm32cubeide/plugins/com.st.stm32cube.ide.mcu.externaltools.gnu-tools-for-stm32.7-2018-q2-update.win32_1.5.0.202011040924/tools/bin/../lib/gcc/arm-none-eabi/7.3.1/../../../../arm-none-eabi/lib/thumb/v7e-m/fpv4-sp/hard\libnosys.a
END GROUP
START GROUP
LOAD c:/st/stm32cubeide_1.5.1/stm32cubeide/plugins/com.st.stm32cube.ide.mcu.externaltools.gnu-tools-for-stm32.7-2018-q2-update.win32_1.5.0.202011040924/tools/bin/../lib/gcc/arm-none-eabi/7.3.1/thumb/v7e-m/fpv4-sp/hard\libgcc.a
LOAD c:/st/stm32cubeide_1.5.1/stm32cubeide/plugins/com.st.stm32cube.ide.mcu.externaltools.gnu-tools-for-stm32.7-2018-q2-update.win32_1.5.0.202011040924/tools/bin/../lib/gcc/arm-none-eabi/7.3.1/../../../../arm-none-eabi/lib/thumb/v7e-m/fpv4-sp/hard\libc_nano.a
LOAD c:/st/stm32cubeide_1.5.1/stm32cubeide/plugins/com.st.stm32cube.ide.mcu.externaltools.gnu-tools-for-stm32.7-2018-q2-update.win32_1.5.0.202011040924/tools/bin/../lib/gcc/arm-none-eabi/7.3.1/../../../../arm-none-eabi/lib/thumb/v7e-m/fpv4-sp/hard\libnosys.a
END GROUP
LOAD c:/st/stm32cubeide_1.5.1/stm32cubeide/plugins/com.st.stm32cube.ide.mcu.externaltools.gnu-tools-for-stm32.7-2018-q2-update.win32_1.5.0.202011040924/tools/bin/../lib/gcc/arm-none-eabi/7.3.1/thumb/v7e-m/fpv4-sp/hard/crtend.o
LOAD c:/st/stm32cubeide_1.5.1/stm32cubeide/plugins/com.st.stm32cube.ide.mcu.externaltools.gnu-tools-for-stm32.7-2018-q2-update.win32_1.5.0.202011040924/tools/bin/../lib/gcc/arm-none-eabi/7.3.1/thumb/v7e-m/fpv4-sp/hard/crtn.o
                0x0000000020030000                _estack = (ORIGIN (RAM) + LENGTH (RAM))
                0x0000000000001000                _Min_Heap_Size = 0x1000
                0x0000000000000800                _Min_Stack_Size = 0x800

.isr_vector     0x0000000008000000      0x1ac
                0x0000000008000000                . = ALIGN (0x4)
 *(.isr_vector)
 .isr_vector    0x0000000008000000      0x1ac Core/Startup/startup_stm32f429zitx.o
                0x0000000008000000                g_pfnVectors
                0x00000000080001ac                . = ALIGN (0x4)

.text           0x00000000080001b0    0x1188c
                0x00000000080001b0                . = ALIGN (0x4)
 *(.text)
 .text          0x00000000080001b0       0x40 c:/st/stm32cubeide_1.5.1/stm32cubeide/plugins/com.st.stm32cube.ide.mcu.externaltools.gnu-tools-for-stm32.7-2018-q2-update.win32_1.5.0.202011040924/tools/bin/../lib/gcc/arm-none-eabi/7.3.1/thumb/v7e-m/fpv4-sp/hard/crtbegin.o
 .text          0x00000000080001f0       0x10 c:/st/stm32cubeide_1.5.1/stm32cubeide/plugins/com.st.stm32cube.ide.mcu.externaltools.gnu-tools-for-stm32.7-2018-q2-update.win32_1.5.0.202011040924/tools/bin/../lib/gcc/arm-none-eabi/7.3.1/../../../../arm-none-eabi/lib/thumb/v7e-m/fpv4-sp/hard\libc_nano.a(lib_a-strlen.o)
                0x00000000080001f0                strlen
 .text          0x0000000008000200       0xa0 c:/st/stm32cubeide_1.5.1/stm32cubeide/plugins/com.st.stm32cube.ide.mcu.externaltools.gnu-tools-for-stm32.7-2018-q2-update.win32_1.5.0.202011040924/tools/bin/../lib/gcc/arm-none-eabi/7.3.1/../../../../arm-none-eabi/lib/thumb/v7e-m/fpv4-sp/hard\libc_nano.a(lib_a-memchr.o)
                0x0000000008000200                memchr
 .text          0x00000000080002a0      0x378 c:/st/stm32cubeide_1.5.1/stm32cubeide/plugins/com.st.stm32cube.ide.mcu.externaltools.gnu-tools-for-stm32.7-2018-q2-update.win32_1.5.0.202011040924/tools/bin/../lib/gcc/arm-none-eabi/7.3.1/thumb/v7e-m/fpv4-sp/hard\libgcc.a(_arm_addsubdf3.o)
                0x00000000080002a0                __aeabi_drsub
                0x00000000080002a8                __aeabi_dsub
                0x00000000080002a8                __subdf3
                0x00000000080002ac                __aeabi_dadd
                0x00000000080002ac                __adddf3
                0x0000000008000524                __floatunsidf
                0x0000000008000524                __aeabi_ui2d
                0x0000000008000544                __floatsidf
                0x0000000008000544                __aeabi_i2d
                0x0000000008000568                __aeabi_f2d
                0x0000000008000568                __extendsfdf2
                0x00000000080005ac                __floatundidf
                0x00000000080005ac                __aeabi_ul2d
                0x00000000080005bc                __floatdidf
                0x00000000080005bc                __aeabi_l2d
 .text          0x0000000008000618      0x424 c:/st/stm32cubeide_1.5.1/stm32cubeide/plugins/com.st.stm32cube.ide.mcu.externaltools.gnu-tools-for-stm32.7-2018-q2-update.win32_1.5.0.202011040924/tools/bin/../lib/gcc/arm-none-eabi/7.3.1/thumb/v7e-m/fpv4-sp/hard\libgcc.a(_arm_muldivdf3.o)
                0x0000000008000618                __aeabi_dmul
                0x0000000008000618                __muldf3
                0x000000000800086c                __divdf3
                0x000000000800086c                __aeabi_ddiv
 .text          0x0000000008000a3c      0x110 c:/st/stm32cubeide_1.5.1/stm32cubeide/plugins/com.st.stm32cube.ide.mcu.externaltools.gnu-tools-for-stm32.7-2018-q2-update.win32_1.5.0.202011040924/tools/bin/../lib/gcc/arm-none-eabi/7.3.1/thumb/v7e-m/fpv4-sp/hard\libgcc.a(_arm_cmpdf2.o)
                0x0000000008000a3c                __gtdf2
                0x0000000008000a3c                __gedf2
                0x0000000008000a44                __ltdf2
                0x0000000008000a44                __ledf2
                0x0000000008000a4c                __nedf2
                0x0000000008000a4c                __eqdf2
                0x0000000008000a4c                __cmpdf2
                0x0000000008000ac8                __aeabi_cdrcmple
                0x0000000008000ad8                __aeabi_cdcmpeq
                0x0000000008000ad8                __aeabi_cdcmple
                0x0000000008000ae8                __aeabi_dcmpeq
                0x0000000008000afc                __aeabi_dcmplt
                0x0000000008000b10                __aeabi_dcmple
                0x0000000008000b24                __aeabi_dcmpge
                0x0000000008000b38                __aeabi_dcmpgt
 .text          0x0000000008000b4c       0x2c c:/st/stm32cubeide_1.5.1/stm32cubeide/plugins/com.st.stm32cube.ide.mcu.externaltools.gnu-tools-for-stm32.7-2018-q2-update.win32_1.5.0.202011040924/tools/bin/../lib/gcc/arm-none-eabi/7.3.1/thumb/v7e-m/fpv4-sp/hard\libgcc.a(_arm_unorddf2.o)
                0x0000000008000b4c                __unorddf2
                0x0000000008000b4c                __aeabi_dcmpun
 .text          0x0000000008000b78       0x50 c:/st/stm32cubeide_1.5.1/stm32cubeide/plugins/com.st.stm32cube.ide.mcu.externaltools.gnu-tools-for-stm32.7-2018-q2-update.win32_1.5.0.202011040924/tools/bin/../lib/gcc/arm-none-eabi/7.3.1/thumb/v7e-m/fpv4-sp/hard\libgcc.a(_arm_fixdfsi.o)
                0x0000000008000b78                __aeabi_d2iz
                0x0000000008000b78                __fixdfsi
 .text          0x0000000008000bc8       0x30 c:/st/stm32cubeide_1.5.1/stm32cubeide/plugins/com.st.stm32cube.ide.mcu.externaltools.gnu-tools-for-stm32.7-2018-q2-update.win32_1.5.0.202011040924/tools/bin/../lib/gcc/arm-none-eabi/7.3.1/thumb/v7e-m/fpv4-sp/hard\libgcc.a(_aeabi_uldivmod.o)
                0x0000000008000bc8                __aeabi_uldivmod
 .text          0x0000000008000bf8      0x2cc c:/st/stm32cubeide_1.5.1/stm32cubeide/plugins/com.st.stm32cube.ide.mcu.externaltools.gnu-tools-for-stm32.7-2018-q2-update.win32_1.5.0.202011040924/tools/bin/../lib/gcc/arm-none-eabi/7.3.1/thumb/v7e-m/fpv4-sp/hard\libgcc.a(_udivmoddi4.o)
                0x0000000008000bf8                __udivmoddi4
 .text          0x0000000008000ec4        0x4 c:/st/stm32cubeide_1.5.1/stm32cubeide/plugins/com.st.stm32cube.ide.mcu.externaltools.gnu-tools-for-stm32.7-2018-q2-update.win32_1.5.0.202011040924/tools/bin/../lib/gcc/arm-none-eabi/7.3.1/thumb/v7e-m/fpv4-sp/hard\libgcc.a(_dvmd_tls.o)
                0x0000000008000ec4                __aeabi_idiv0
                0x0000000008000ec4                __aeabi_ldiv0
 *(.text*)
 .text.vApplicationIdleHook
                0x0000000008000ec8        0xe Core/Src/freertos.o
                0x0000000008000ec8                vApplicationIdleHook
 .text.vApplicationStackOverflowHook
                0x0000000008000ed6       0x16 Core/Src/freertos.o
                0x0000000008000ed6                vApplicationStackOverflowHook
 .text.vApplicationMallocFailedHook
                0x0000000008000eec        0xe Core/Src/freertos.o
                0x0000000008000eec                vApplicationMallocFailedHook
 *fill*         0x0000000008000efa        0x2 
 .text.vApplicationGetIdleTaskMemory
                0x0000000008000efc       0x34 Core/Src/freertos.o
                0x0000000008000efc                vApplicationGetIdleTaskMemory
 .text.ili9341_Init
                0x0000000008000f30      0x294 Core/Src/ili9341.o
                0x0000000008000f30                ili9341_Init
 .text.ili9341_ReadID
                0x00000000080011c4       0x18 Core/Src/ili9341.o
                0x00000000080011c4                ili9341_ReadID
 .text.ili9341_DisplayOn
                0x00000000080011dc        0xe Core/Src/ili9341.o
                0x00000000080011dc                ili9341_DisplayOn
 .text.ili9341_DisplayOff
                0x00000000080011ea        0xe Core/Src/ili9341.o
                0x00000000080011ea                ili9341_DisplayOff
 .text.ili9341_WriteReg
                0x00000000080011f8       0x1a Core/Src/ili9341.o
                0x00000000080011f8                ili9341_WriteReg
 .text.ili9341_WriteData
                0x0000000008001212       0x1a Core/Src/ili9341.o
                0x0000000008001212                ili9341_WriteData
 .text.ili9341_ReadData
                0x000000000800122c       0x26 Core/Src/ili9341.o
                0x000000000800122c                ili9341_ReadData
 .text.ili9341_GetLcdPixelWidth
                0x0000000008001252       0x10 Core/Src/ili9341.o
                0x0000000008001252                ili9341_GetLcdPixelWidth
 .text.ili9341_GetLcdPixelHeight
                0x0000000008001262       0x12 Core/Src/ili9341.o
                0x0000000008001262                ili9341_GetLcdPixelHeight
 .text.main     0x0000000008001274      0x138 Core/Src/main.o
                0x0000000008001274                main
 .text.SystemClock_Config
                0x00000000080013ac      0x104 Core/Src/main.o
                0x00000000080013ac                SystemClock_Config
 .text.MX_CRC_Init
                0x00000000080014b0       0x28 Core/Src/main.o
 .text.MX_DMA2D_Init
                0x00000000080014d8       0x64 Core/Src/main.o
 .text.MX_I2C3_Init
                0x000000000800153c       0x80 Core/Src/main.o
 .text.MX_LTDC_Init
                0x00000000080015bc      0x100 Core/Src/main.o
 .text.MX_SPI5_Init
                0x00000000080016bc       0x6c Core/Src/main.o
 .text.MX_TIM1_Init
                0x0000000008001728       0xa0 Core/Src/main.o
 .text.MX_USART1_UART_Init
                0x00000000080017c8       0x54 Core/Src/main.o
 .text.MX_FMC_Init
                0x000000000800181c       0xa0 Core/Src/main.o
 .text.MX_GPIO_Init
                0x00000000080018bc      0x220 Core/Src/main.o
 .text.DWT_Init
                0x0000000008001adc       0x34 Core/Src/main.o
                0x0000000008001adc                DWT_Init
 .text.delay_us
                0x0000000008001b10       0x4c Core/Src/main.o
                0x0000000008001b10                delay_us
 .text.Debug_Log
                0x0000000008001b5c       0x30 Core/Src/main.o
                0x0000000008001b5c                Debug_Log
 .text.DHT22_SetPinOutput
                0x0000000008001b8c       0x3c Core/Src/main.o
                0x0000000008001b8c                DHT22_SetPinOutput
 .text.DHT22_SetPinInput
                0x0000000008001bc8       0x38 Core/Src/main.o
                0x0000000008001bc8                DHT22_SetPinInput
 .text.DHT22_Read
                0x0000000008001c00      0x1dc Core/Src/main.o
                0x0000000008001c00                DHT22_Read
 .text.StartDefaultTask
                0x0000000008001ddc       0x14 Core/Src/main.o
                0x0000000008001ddc                StartDefaultTask
 .text.StartTask02
                0x0000000008001df0       0x6c Core/Src/main.o
                0x0000000008001df0                StartTask02
 .text.StartTask03
                0x0000000008001e5c       0xf8 Core/Src/main.o
                0x0000000008001e5c                StartTask03
 .text.HAL_TIM_PeriodElapsedCallback
                0x0000000008001f54       0x24 Core/Src/main.o
                0x0000000008001f54                HAL_TIM_PeriodElapsedCallback
 .text.Error_Handler
                0x0000000008001f78        0x8 Core/Src/main.o
                0x0000000008001f78                Error_Handler
 .text.SPIx_Init
                0x0000000008001f80       0x74 Core/Src/stm32f429i_discovery.o
 .text.SPIx_Read
                0x0000000008001ff4       0x40 Core/Src/stm32f429i_discovery.o
 .text.SPIx_Write
                0x0000000008002034       0x3c Core/Src/stm32f429i_discovery.o
 .text.SPIx_Error
                0x0000000008002070       0x18 Core/Src/stm32f429i_discovery.o
 .text.SPIx_MspInit
                0x0000000008002088       0x74 Core/Src/stm32f429i_discovery.o
 .text.LCD_IO_Init
                0x00000000080020fc       0xf0 Core/Src/stm32f429i_discovery.o
                0x00000000080020fc                LCD_IO_Init
 .text.LCD_IO_WriteData
                0x00000000080021ec       0x44 Core/Src/stm32f429i_discovery.o
                0x00000000080021ec                LCD_IO_WriteData
 .text.LCD_IO_WriteReg
                0x0000000008002230       0x44 Core/Src/stm32f429i_discovery.o
                0x0000000008002230                LCD_IO_WriteReg
 .text.LCD_IO_ReadData
                0x0000000008002274       0x64 Core/Src/stm32f429i_discovery.o
                0x0000000008002274                LCD_IO_ReadData
 .text.LCD_Delay
                0x00000000080022d8       0x16 Core/Src/stm32f429i_discovery.o
                0x00000000080022d8                LCD_Delay
 *fill*         0x00000000080022ee        0x2 
 .text.BSP_LCD_Init
                0x00000000080022f0       0xd4 Core/Src/stm32f429i_discovery_lcd.o
                0x00000000080022f0                BSP_LCD_Init
 .text.BSP_LCD_GetXSize
                0x00000000080023c4       0x18 Core/Src/stm32f429i_discovery_lcd.o
                0x00000000080023c4                BSP_LCD_GetXSize
 .text.BSP_LCD_GetYSize
                0x00000000080023dc       0x18 Core/Src/stm32f429i_discovery_lcd.o
                0x00000000080023dc                BSP_LCD_GetYSize
 .text.BSP_LCD_LayerDefaultInit
                0x00000000080023f4       0xc8 Core/Src/stm32f429i_discovery_lcd.o
                0x00000000080023f4                BSP_LCD_LayerDefaultInit
 .text.BSP_LCD_SelectLayer
                0x00000000080024bc       0x20 Core/Src/stm32f429i_discovery_lcd.o
                0x00000000080024bc                BSP_LCD_SelectLayer
 .text.BSP_LCD_SetTextColor
                0x00000000080024dc       0x30 Core/Src/stm32f429i_discovery_lcd.o
                0x00000000080024dc                BSP_LCD_SetTextColor
 .text.BSP_LCD_SetBackColor
                0x000000000800250c       0x34 Core/Src/stm32f429i_discovery_lcd.o
                0x000000000800250c                BSP_LCD_SetBackColor
 .text.BSP_LCD_SetFont
                0x0000000008002540       0x34 Core/Src/stm32f429i_discovery_lcd.o
                0x0000000008002540                BSP_LCD_SetFont
 .text.BSP_LCD_Clear
                0x0000000008002574       0x50 Core/Src/stm32f429i_discovery_lcd.o
                0x0000000008002574                BSP_LCD_Clear
 .text.BSP_LCD_DisplayChar
                0x00000000080025c4       0x88 Core/Src/stm32f429i_discovery_lcd.o
                0x00000000080025c4                BSP_LCD_DisplayChar
 .text.BSP_LCD_DisplayStringAt
                0x000000000800264c      0x174 Core/Src/stm32f429i_discovery_lcd.o
                0x000000000800264c                BSP_LCD_DisplayStringAt
 .text.BSP_LCD_DrawHLine
                0x00000000080027c0       0x7c Core/Src/stm32f429i_discovery_lcd.o
                0x00000000080027c0                BSP_LCD_DrawHLine
 .text.BSP_LCD_DisplayOn
                0x000000000800283c       0x20 Core/Src/stm32f429i_discovery_lcd.o
                0x000000000800283c                BSP_LCD_DisplayOn
 .text.BSP_LCD_MspInit
                0x000000000800285c      0x1ac Core/Src/stm32f429i_discovery_lcd.o
                0x000000000800285c                BSP_LCD_MspInit
 .text.BSP_LCD_DrawPixel
                0x0000000008002a08       0x4c Core/Src/stm32f429i_discovery_lcd.o
                0x0000000008002a08                BSP_LCD_DrawPixel
 .text.DrawChar
                0x0000000008002a54      0x174 Core/Src/stm32f429i_discovery_lcd.o
 .text.FillBuffer
                0x0000000008002bc8       0x70 Core/Src/stm32f429i_discovery_lcd.o
 .text.BSP_SDRAM_Init
                0x0000000008002c38       0xbc Core/Src/stm32f429i_discovery_sdram.o
                0x0000000008002c38                BSP_SDRAM_Init
 .text.BSP_SDRAM_Initialization_sequence
                0x0000000008002cf4       0xc0 Core/Src/stm32f429i_discovery_sdram.o
                0x0000000008002cf4                BSP_SDRAM_Initialization_sequence
 .text.BSP_SDRAM_MspInit
                0x0000000008002db4      0x218 Core/Src/stm32f429i_discovery_sdram.o
                0x0000000008002db4                BSP_SDRAM_MspInit
 .text.HAL_MspInit
                0x0000000008002fcc       0x58 Core/Src/stm32f4xx_hal_msp.o
                0x0000000008002fcc                HAL_MspInit
 .text.HAL_CRC_MspInit
                0x0000000008003024       0x44 Core/Src/stm32f4xx_hal_msp.o
                0x0000000008003024                HAL_CRC_MspInit
 .text.HAL_DMA2D_MspInit
                0x0000000008003068       0x50 Core/Src/stm32f4xx_hal_msp.o
                0x0000000008003068                HAL_DMA2D_MspInit
 .text.HAL_I2C_MspInit
                0x00000000080030b8       0xd4 Core/Src/stm32f4xx_hal_msp.o
                0x00000000080030b8                HAL_I2C_MspInit
 .text.HAL_LTDC_MspInit
                0x000000000800318c      0x22c Core/Src/stm32f4xx_hal_msp.o
                0x000000000800318c                HAL_LTDC_MspInit
 .text.HAL_SPI_MspInit
                0x00000000080033b8       0x90 Core/Src/stm32f4xx_hal_msp.o
                0x00000000080033b8                HAL_SPI_MspInit
 .text.HAL_SPI_MspDeInit
                0x0000000008003448       0x3c Core/Src/stm32f4xx_hal_msp.o
                0x0000000008003448                HAL_SPI_MspDeInit
 .text.HAL_TIM_Base_MspInit
                0x0000000008003484       0x44 Core/Src/stm32f4xx_hal_msp.o
                0x0000000008003484                HAL_TIM_Base_MspInit
 .text.HAL_UART_MspInit
                0x00000000080034c8       0x90 Core/Src/stm32f4xx_hal_msp.o
                0x00000000080034c8                HAL_UART_MspInit
 .text.HAL_FMC_MspInit
                0x0000000008003558      0x124 Core/Src/stm32f4xx_hal_msp.o
 .text.HAL_SDRAM_MspInit
                0x000000000800367c       0x14 Core/Src/stm32f4xx_hal_msp.o
                0x000000000800367c                HAL_SDRAM_MspInit
 .text.HAL_InitTick
                0x0000000008003690       0xb4 Core/Src/stm32f4xx_hal_timebase_tim.o
                0x0000000008003690                HAL_InitTick
 .text.NMI_Handler
                0x0000000008003744        0x6 Core/Src/stm32f4xx_it.o
                0x0000000008003744                NMI_Handler
 .text.HardFault_Handler
                0x000000000800374a        0x6 Core/Src/stm32f4xx_it.o
                0x000000000800374a                HardFault_Handler
 .text.MemManage_Handler
                0x0000000008003750        0x6 Core/Src/stm32f4xx_it.o
                0x0000000008003750                MemManage_Handler
 .text.BusFault_Handler
                0x0000000008003756        0x6 Core/Src/stm32f4xx_it.o
                0x0000000008003756                BusFault_Handler
 .text.UsageFault_Handler
                0x000000000800375c        0x6 Core/Src/stm32f4xx_it.o
                0x000000000800375c                UsageFault_Handler
 .text.DebugMon_Handler
                0x0000000008003762        0xe Core/Src/stm32f4xx_it.o
                0x0000000008003762                DebugMon_Handler
 .text.TIM6_DAC_IRQHandler
                0x0000000008003770       0x14 Core/Src/stm32f4xx_it.o
                0x0000000008003770                TIM6_DAC_IRQHandler
 .text.OTG_HS_IRQHandler
                0x0000000008003784       0x14 Core/Src/stm32f4xx_it.o
                0x0000000008003784                OTG_HS_IRQHandler
 .text.LTDC_IRQHandler
                0x0000000008003798       0x14 Core/Src/stm32f4xx_it.o
                0x0000000008003798                LTDC_IRQHandler
 .text.DMA2D_IRQHandler
                0x00000000080037ac       0x14 Core/Src/stm32f4xx_it.o
                0x00000000080037ac                DMA2D_IRQHandler
 .text._sbrk    0x00000000080037c0       0x6c Core/Src/sysmem.o
                0x00000000080037c0                _sbrk
 .text.SystemInit
                0x000000000800382c       0x2c Core/Src/system_stm32f4xx.o
                0x000000000800382c                SystemInit
 .text.Reset_Handler
                0x0000000008003858       0x50 Core/Startup/startup_stm32f429zitx.o
                0x0000000008003858                Reset_Handler
 .text.Default_Handler
                0x00000000080038a8        0x2 Core/Startup/startup_stm32f429zitx.o
                0x00000000080038a8                RTC_Alarm_IRQHandler
                0x00000000080038a8                HASH_RNG_IRQHandler
                0x00000000080038a8                EXTI2_IRQHandler
                0x00000000080038a8                TIM8_CC_IRQHandler
                0x00000000080038a8                UART8_IRQHandler
                0x00000000080038a8                SPI4_IRQHandler
                0x00000000080038a8                TIM1_CC_IRQHandler
                0x00000000080038a8                DMA2_Stream5_IRQHandler
                0x00000000080038a8                DMA1_Stream5_IRQHandler
                0x00000000080038a8                PVD_IRQHandler
                0x00000000080038a8                SDIO_IRQHandler
                0x00000000080038a8                TAMP_STAMP_IRQHandler
                0x00000000080038a8                CAN2_RX1_IRQHandler
                0x00000000080038a8                EXTI3_IRQHandler
                0x00000000080038a8                TIM8_TRG_COM_TIM14_IRQHandler
                0x00000000080038a8                TIM1_UP_TIM10_IRQHandler
                0x00000000080038a8                TIM8_UP_TIM13_IRQHandler
                0x00000000080038a8                I2C3_ER_IRQHandler
                0x00000000080038a8                EXTI0_IRQHandler
                0x00000000080038a8                I2C2_EV_IRQHandler
                0x00000000080038a8                DMA1_Stream2_IRQHandler
                0x00000000080038a8                CAN1_RX0_IRQHandler
                0x00000000080038a8                FPU_IRQHandler
                0x00000000080038a8                OTG_HS_WKUP_IRQHandler
                0x00000000080038a8                LTDC_ER_IRQHandler
                0x00000000080038a8                CAN2_SCE_IRQHandler
                0x00000000080038a8                DMA2_Stream2_IRQHandler
                0x00000000080038a8                SPI1_IRQHandler
                0x00000000080038a8                TIM1_BRK_TIM9_IRQHandler
                0x00000000080038a8                DCMI_IRQHandler
                0x00000000080038a8                CAN2_RX0_IRQHandler
                0x00000000080038a8                DMA2_Stream3_IRQHandler
                0x00000000080038a8                USART6_IRQHandler
                0x00000000080038a8                USART3_IRQHandler
                0x00000000080038a8                CAN1_RX1_IRQHandler
                0x00000000080038a8                UART5_IRQHandler
                0x00000000080038a8                DMA2_Stream0_IRQHandler
                0x00000000080038a8                TIM4_IRQHandler
                0x00000000080038a8                I2C1_EV_IRQHandler
                0x00000000080038a8                DMA1_Stream6_IRQHandler
                0x00000000080038a8                DMA1_Stream1_IRQHandler
                0x00000000080038a8                UART4_IRQHandler
                0x00000000080038a8                TIM3_IRQHandler
                0x00000000080038a8                RCC_IRQHandler
                0x00000000080038a8                TIM8_BRK_TIM12_IRQHandler
                0x00000000080038a8                Default_Handler
                0x00000000080038a8                EXTI15_10_IRQHandler
                0x00000000080038a8                ADC_IRQHandler
                0x00000000080038a8                DMA1_Stream7_IRQHandler
                0x00000000080038a8                SPI5_IRQHandler
                0x00000000080038a8                TIM7_IRQHandler
                0x00000000080038a8                CAN2_TX_IRQHandler
                0x00000000080038a8                TIM5_IRQHandler
                0x00000000080038a8                DMA2_Stream7_IRQHandler
                0x00000000080038a8                I2C3_EV_IRQHandler
                0x00000000080038a8                EXTI9_5_IRQHandler
                0x00000000080038a8                RTC_WKUP_IRQHandler
                0x00000000080038a8                ETH_WKUP_IRQHandler
                0x00000000080038a8                SPI2_IRQHandler
                0x00000000080038a8                OTG_HS_EP1_IN_IRQHandler
                0x00000000080038a8                DMA1_Stream0_IRQHandler
                0x00000000080038a8                CAN1_TX_IRQHandler
                0x00000000080038a8                EXTI4_IRQHandler
                0x00000000080038a8                ETH_IRQHandler
                0x00000000080038a8                OTG_HS_EP1_OUT_IRQHandler
                0x00000000080038a8                WWDG_IRQHandler
                0x00000000080038a8                SPI6_IRQHandler
                0x00000000080038a8                TIM2_IRQHandler
                0x00000000080038a8                OTG_FS_WKUP_IRQHandler
                0x00000000080038a8                TIM1_TRG_COM_TIM11_IRQHandler
                0x00000000080038a8                EXTI1_IRQHandler
                0x00000000080038a8                UART7_IRQHandler
                0x00000000080038a8                USART2_IRQHandler
                0x00000000080038a8                I2C2_ER_IRQHandler
                0x00000000080038a8                DMA2_Stream1_IRQHandler
                0x00000000080038a8                CAN1_SCE_IRQHandler
                0x00000000080038a8                FLASH_IRQHandler
                0x00000000080038a8                DMA2_Stream4_IRQHandler
                0x00000000080038a8                USART1_IRQHandler
                0x00000000080038a8                OTG_FS_IRQHandler
                0x00000000080038a8                SPI3_IRQHandler
                0x00000000080038a8                DMA1_Stream4_IRQHandler
                0x00000000080038a8                I2C1_ER_IRQHandler
                0x00000000080038a8                FMC_IRQHandler
                0x00000000080038a8                DMA2_Stream6_IRQHandler
                0x00000000080038a8                SAI1_IRQHandler
                0x00000000080038a8                DMA1_Stream3_IRQHandler
 *fill*         0x00000000080038aa        0x2 
 .text.HAL_Init
                0x00000000080038ac       0x44 Drivers/STM32F4xx_HAL_Driver/Src/stm32f4xx_hal.o
                0x00000000080038ac                HAL_Init
 .text.HAL_IncTick
                0x00000000080038f0       0x28 Drivers/STM32F4xx_HAL_Driver/Src/stm32f4xx_hal.o
                0x00000000080038f0                HAL_IncTick
 .text.HAL_GetTick
                0x0000000008003918       0x18 Drivers/STM32F4xx_HAL_Driver/Src/stm32f4xx_hal.o
                0x0000000008003918                HAL_GetTick
 .text.HAL_Delay
                0x0000000008003930       0x44 Drivers/STM32F4xx_HAL_Driver/Src/stm32f4xx_hal.o
                0x0000000008003930                HAL_Delay
 .text.__NVIC_SetPriorityGrouping
                0x0000000008003974       0x48 Drivers/STM32F4xx_HAL_Driver/Src/stm32f4xx_hal_cortex.o
 .text.__NVIC_GetPriorityGrouping
                0x00000000080039bc       0x1c Drivers/STM32F4xx_HAL_Driver/Src/stm32f4xx_hal_cortex.o
 .text.__NVIC_EnableIRQ
                0x00000000080039d8       0x3c Drivers/STM32F4xx_HAL_Driver/Src/stm32f4xx_hal_cortex.o
 .text.__NVIC_SetPriority
                0x0000000008003a14       0x54 Drivers/STM32F4xx_HAL_Driver/Src/stm32f4xx_hal_cortex.o
 .text.NVIC_EncodePriority
                0x0000000008003a68       0x66 Drivers/STM32F4xx_HAL_Driver/Src/stm32f4xx_hal_cortex.o
 .text.HAL_NVIC_SetPriorityGrouping
                0x0000000008003ace       0x16 Drivers/STM32F4xx_HAL_Driver/Src/stm32f4xx_hal_cortex.o
                0x0000000008003ace                HAL_NVIC_SetPriorityGrouping
 .text.HAL_NVIC_SetPriority
                0x0000000008003ae4       0x38 Drivers/STM32F4xx_HAL_Driver/Src/stm32f4xx_hal_cortex.o
                0x0000000008003ae4                HAL_NVIC_SetPriority
 .text.HAL_NVIC_EnableIRQ
                0x0000000008003b1c       0x1c Drivers/STM32F4xx_HAL_Driver/Src/stm32f4xx_hal_cortex.o
                0x0000000008003b1c                HAL_NVIC_EnableIRQ
 .text.HAL_CRC_Init
                0x0000000008003b38       0x38 Drivers/STM32F4xx_HAL_Driver/Src/stm32f4xx_hal_crc.o
                0x0000000008003b38                HAL_CRC_Init
 .text.HAL_DMA_Init
                0x0000000008003b70      0x15c Drivers/STM32F4xx_HAL_Driver/Src/stm32f4xx_hal_dma.o
                0x0000000008003b70                HAL_DMA_Init
 .text.HAL_DMA_DeInit
                0x0000000008003ccc       0xbc Drivers/STM32F4xx_HAL_Driver/Src/stm32f4xx_hal_dma.o
                0x0000000008003ccc                HAL_DMA_DeInit
 .text.DMA_CalcBaseAndBitshift
                0x0000000008003d88       0x6c Drivers/STM32F4xx_HAL_Driver/Src/stm32f4xx_hal_dma.o
 .text.DMA_CheckFifoParam
                0x0000000008003df4       0xf4 Drivers/STM32F4xx_HAL_Driver/Src/stm32f4xx_hal_dma.o
 .text.HAL_DMA2D_Init
                0x0000000008003ee8       0x92 Drivers/STM32F4xx_HAL_Driver/Src/stm32f4xx_hal_dma2d.o
                0x0000000008003ee8                HAL_DMA2D_Init
 .text.HAL_DMA2D_Start
                0x0000000008003f7a       0x56 Drivers/STM32F4xx_HAL_Driver/Src/stm32f4xx_hal_dma2d.o
                0x0000000008003f7a                HAL_DMA2D_Start
 .text.HAL_DMA2D_PollForTransfer
                0x0000000008003fd0      0x1d2 Drivers/STM32F4xx_HAL_Driver/Src/stm32f4xx_hal_dma2d.o
                0x0000000008003fd0                HAL_DMA2D_PollForTransfer
 .text.HAL_DMA2D_IRQHandler
                0x00000000080041a2      0x1f8 Drivers/STM32F4xx_HAL_Driver/Src/stm32f4xx_hal_dma2d.o
                0x00000000080041a2                HAL_DMA2D_IRQHandler
 .text.HAL_DMA2D_LineEventCallback
                0x000000000800439a       0x14 Drivers/STM32F4xx_HAL_Driver/Src/stm32f4xx_hal_dma2d.o
                0x000000000800439a                HAL_DMA2D_LineEventCallback
 .text.HAL_DMA2D_CLUTLoadingCpltCallback
                0x00000000080043ae       0x14 Drivers/STM32F4xx_HAL_Driver/Src/stm32f4xx_hal_dma2d.o
                0x00000000080043ae                HAL_DMA2D_CLUTLoadingCpltCallback
 *fill*         0x00000000080043c2        0x2 
 .text.HAL_DMA2D_ConfigLayer
                0x00000000080043c4      0x124 Drivers/STM32F4xx_HAL_Driver/Src/stm32f4xx_hal_dma2d.o
                0x00000000080043c4                HAL_DMA2D_ConfigLayer
 .text.DMA2D_SetConfig
                0x00000000080044e8      0x138 Drivers/STM32F4xx_HAL_Driver/Src/stm32f4xx_hal_dma2d.o
 .text.HAL_GPIO_Init
                0x0000000008004620      0x354 Drivers/STM32F4xx_HAL_Driver/Src/stm32f4xx_hal_gpio.o
                0x0000000008004620                HAL_GPIO_Init
 .text.HAL_GPIO_DeInit
                0x0000000008004974      0x214 Drivers/STM32F4xx_HAL_Driver/Src/stm32f4xx_hal_gpio.o
                0x0000000008004974                HAL_GPIO_DeInit
 .text.HAL_GPIO_ReadPin
                0x0000000008004b88       0x30 Drivers/STM32F4xx_HAL_Driver/Src/stm32f4xx_hal_gpio.o
                0x0000000008004b88                HAL_GPIO_ReadPin
 .text.HAL_GPIO_WritePin
                0x0000000008004bb8       0x32 Drivers/STM32F4xx_HAL_Driver/Src/stm32f4xx_hal_gpio.o
                0x0000000008004bb8                HAL_GPIO_WritePin
 .text.HAL_GPIO_TogglePin
                0x0000000008004bea       0x36 Drivers/STM32F4xx_HAL_Driver/Src/stm32f4xx_hal_gpio.o
                0x0000000008004bea                HAL_GPIO_TogglePin
 .text.HAL_HCD_Init
                0x0000000008004c20       0xc4 Drivers/STM32F4xx_HAL_Driver/Src/stm32f4xx_hal_hcd.o
                0x0000000008004c20                HAL_HCD_Init
 .text.HAL_HCD_HC_Init
                0x0000000008004ce4      0x130 Drivers/STM32F4xx_HAL_Driver/Src/stm32f4xx_hal_hcd.o
                0x0000000008004ce4                HAL_HCD_HC_Init
 .text.HAL_HCD_HC_Halt
                0x0000000008004e14       0x46 Drivers/STM32F4xx_HAL_Driver/Src/stm32f4xx_hal_hcd.o
                0x0000000008004e14                HAL_HCD_HC_Halt
 *fill*         0x0000000008004e5a        0x2 
 .text.HAL_HCD_HC_SubmitRequest
                0x0000000008004e5c      0x2e4 Drivers/STM32F4xx_HAL_Driver/Src/stm32f4xx_hal_hcd.o
                0x0000000008004e5c                HAL_HCD_HC_SubmitRequest
 .text.HAL_HCD_IRQHandler
                0x0000000008005140      0x208 Drivers/STM32F4xx_HAL_Driver/Src/stm32f4xx_hal_hcd.o
                0x0000000008005140                HAL_HCD_IRQHandler
 .text.HAL_HCD_Start
                0x0000000008005348       0x46 Drivers/STM32F4xx_HAL_Driver/Src/stm32f4xx_hal_hcd.o
                0x0000000008005348                HAL_HCD_Start
 .text.HAL_HCD_Stop
                0x000000000800538e       0x3a Drivers/STM32F4xx_HAL_Driver/Src/stm32f4xx_hal_hcd.o
                0x000000000800538e                HAL_HCD_Stop
 .text.HAL_HCD_ResetPort
                0x00000000080053c8       0x1c Drivers/STM32F4xx_HAL_Driver/Src/stm32f4xx_hal_hcd.o
                0x00000000080053c8                HAL_HCD_ResetPort
 .text.HAL_HCD_HC_GetURBState
                0x00000000080053e4       0x2a Drivers/STM32F4xx_HAL_Driver/Src/stm32f4xx_hal_hcd.o
                0x00000000080053e4                HAL_HCD_HC_GetURBState
 .text.HAL_HCD_HC_GetXferCount
                0x000000000800540e       0x2a Drivers/STM32F4xx_HAL_Driver/Src/stm32f4xx_hal_hcd.o
                0x000000000800540e                HAL_HCD_HC_GetXferCount
 .text.HAL_HCD_GetCurrentFrame
                0x0000000008005438       0x1c Drivers/STM32F4xx_HAL_Driver/Src/stm32f4xx_hal_hcd.o
                0x0000000008005438                HAL_HCD_GetCurrentFrame
 .text.HAL_HCD_GetCurrentSpeed
                0x0000000008005454       0x1c Drivers/STM32F4xx_HAL_Driver/Src/stm32f4xx_hal_hcd.o
                0x0000000008005454                HAL_HCD_GetCurrentSpeed
 .text.HCD_HC_IN_IRQHandler
                0x0000000008005470      0x86a Drivers/STM32F4xx_HAL_Driver/Src/stm32f4xx_hal_hcd.o
 .text.HCD_HC_OUT_IRQHandler
                0x0000000008005cda      0x6ea Drivers/STM32F4xx_HAL_Driver/Src/stm32f4xx_hal_hcd.o
 .text.HCD_RXQLVL_IRQHandler
                0x00000000080063c4      0x158 Drivers/STM32F4xx_HAL_Driver/Src/stm32f4xx_hal_hcd.o
 .text.HCD_Port_IRQHandler
                0x000000000800651c       0xe6 Drivers/STM32F4xx_HAL_Driver/Src/stm32f4xx_hal_hcd.o
 *fill*         0x0000000008006602        0x2 
 .text.HAL_I2C_Init
                0x0000000008006604      0x270 Drivers/STM32F4xx_HAL_Driver/Src/stm32f4xx_hal_i2c.o
                0x0000000008006604                HAL_I2C_Init
 .text.HAL_I2CEx_ConfigAnalogFilter
                0x0000000008006874       0x78 Drivers/STM32F4xx_HAL_Driver/Src/stm32f4xx_hal_i2c_ex.o
                0x0000000008006874                HAL_I2CEx_ConfigAnalogFilter
 .text.HAL_I2CEx_ConfigDigitalFilter
                0x00000000080068ec       0x7e Drivers/STM32F4xx_HAL_Driver/Src/stm32f4xx_hal_i2c_ex.o
                0x00000000080068ec                HAL_I2CEx_ConfigDigitalFilter
 *fill*         0x000000000800696a        0x2 
 .text.HAL_LTDC_Init
                0x000000000800696c      0x1a0 Drivers/STM32F4xx_HAL_Driver/Src/stm32f4xx_hal_ltdc.o
                0x000000000800696c                HAL_LTDC_Init
 .text.HAL_LTDC_IRQHandler
                0x0000000008006b0c      0x148 Drivers/STM32F4xx_HAL_Driver/Src/stm32f4xx_hal_ltdc.o
                0x0000000008006b0c                HAL_LTDC_IRQHandler
 .text.HAL_LTDC_ErrorCallback
                0x0000000008006c54       0x14 Drivers/STM32F4xx_HAL_Driver/Src/stm32f4xx_hal_ltdc.o
                0x0000000008006c54                HAL_LTDC_ErrorCallback
 .text.HAL_LTDC_LineEventCallback
                0x0000000008006c68       0x14 Drivers/STM32F4xx_HAL_Driver/Src/stm32f4xx_hal_ltdc.o
                0x0000000008006c68                HAL_LTDC_LineEventCallback
 .text.HAL_LTDC_ReloadEventCallback
                0x0000000008006c7c       0x14 Drivers/STM32F4xx_HAL_Driver/Src/stm32f4xx_hal_ltdc.o
                0x0000000008006c7c                HAL_LTDC_ReloadEventCallback
 .text.HAL_LTDC_ConfigLayer
                0x0000000008006c90       0x7c Drivers/STM32F4xx_HAL_Driver/Src/stm32f4xx_hal_ltdc.o
                0x0000000008006c90                HAL_LTDC_ConfigLayer
 .text.HAL_LTDC_EnableDither
                0x0000000008006d0c       0x54 Drivers/STM32F4xx_HAL_Driver/Src/stm32f4xx_hal_ltdc.o
                0x0000000008006d0c                HAL_LTDC_EnableDither
 .text.LTDC_SetConfig
                0x0000000008006d60      0x32e Drivers/STM32F4xx_HAL_Driver/Src/stm32f4xx_hal_ltdc.o
 *fill*         0x000000000800708e        0x2 
 .text.HAL_RCC_OscConfig
                0x0000000008007090      0x4e0 Drivers/STM32F4xx_HAL_Driver/Src/stm32f4xx_hal_rcc.o
                0x0000000008007090                HAL_RCC_OscConfig
 .text.HAL_RCC_ClockConfig
                0x0000000008007570      0x1cc Drivers/STM32F4xx_HAL_Driver/Src/stm32f4xx_hal_rcc.o
                0x0000000008007570                HAL_RCC_ClockConfig
 .text.HAL_RCC_GetSysClockFreq
                0x000000000800773c      0x1b0 Drivers/STM32F4xx_HAL_Driver/Src/stm32f4xx_hal_rcc.o
                0x000000000800773c                HAL_RCC_GetSysClockFreq
 .text.HAL_RCC_GetHCLKFreq
                0x00000000080078ec       0x18 Drivers/STM32F4xx_HAL_Driver/Src/stm32f4xx_hal_rcc.o
                0x00000000080078ec                HAL_RCC_GetHCLKFreq
 .text.HAL_RCC_GetPCLK1Freq
                0x0000000008007904       0x28 Drivers/STM32F4xx_HAL_Driver/Src/stm32f4xx_hal_rcc.o
                0x0000000008007904                HAL_RCC_GetPCLK1Freq
 .text.HAL_RCC_GetPCLK2Freq
                0x000000000800792c       0x28 Drivers/STM32F4xx_HAL_Driver/Src/stm32f4xx_hal_rcc.o
                0x000000000800792c                HAL_RCC_GetPCLK2Freq
 .text.HAL_RCC_GetClockConfig
                0x0000000008007954       0x64 Drivers/STM32F4xx_HAL_Driver/Src/stm32f4xx_hal_rcc.o
                0x0000000008007954                HAL_RCC_GetClockConfig
 .text.HAL_RCCEx_PeriphCLKConfig
                0x00000000080079b8      0x37c Drivers/STM32F4xx_HAL_Driver/Src/stm32f4xx_hal_rcc_ex.o
                0x00000000080079b8                HAL_RCCEx_PeriphCLKConfig
 .text.HAL_SDRAM_Init
                0x0000000008007d34       0x68 Drivers/STM32F4xx_HAL_Driver/Src/stm32f4xx_hal_sdram.o
                0x0000000008007d34                HAL_SDRAM_Init
 .text.HAL_SDRAM_SendCommand
                0x0000000008007d9c       0x56 Drivers/STM32F4xx_HAL_Driver/Src/stm32f4xx_hal_sdram.o
                0x0000000008007d9c                HAL_SDRAM_SendCommand
 .text.HAL_SDRAM_ProgramRefreshRate
                0x0000000008007df2       0x40 Drivers/STM32F4xx_HAL_Driver/Src/stm32f4xx_hal_sdram.o
                0x0000000008007df2                HAL_SDRAM_ProgramRefreshRate
 .text.HAL_SPI_Init
                0x0000000008007e32       0xc8 Drivers/STM32F4xx_HAL_Driver/Src/stm32f4xx_hal_spi.o
                0x0000000008007e32                HAL_SPI_Init
 .text.HAL_SPI_DeInit
                0x0000000008007efa       0x50 Drivers/STM32F4xx_HAL_Driver/Src/stm32f4xx_hal_spi.o
                0x0000000008007efa                HAL_SPI_DeInit
 .text.HAL_SPI_Transmit
                0x0000000008007f4a      0x268 Drivers/STM32F4xx_HAL_Driver/Src/stm32f4xx_hal_spi.o
                0x0000000008007f4a                HAL_SPI_Transmit
 .text.HAL_SPI_Receive
                0x00000000080081b2      0x212 Drivers/STM32F4xx_HAL_Driver/Src/stm32f4xx_hal_spi.o
                0x00000000080081b2                HAL_SPI_Receive
 .text.HAL_SPI_TransmitReceive
                0x00000000080083c4      0x344 Drivers/STM32F4xx_HAL_Driver/Src/stm32f4xx_hal_spi.o
                0x00000000080083c4                HAL_SPI_TransmitReceive
 .text.HAL_SPI_GetState
                0x0000000008008708       0x1c Drivers/STM32F4xx_HAL_Driver/Src/stm32f4xx_hal_spi.o
                0x0000000008008708                HAL_SPI_GetState
 .text.SPI_WaitFlagStateUntilTimeout
                0x0000000008008724       0xd4 Drivers/STM32F4xx_HAL_Driver/Src/stm32f4xx_hal_spi.o
 .text.SPI_EndRxTransaction
                0x00000000080087f8       0xca Drivers/STM32F4xx_HAL_Driver/Src/stm32f4xx_hal_spi.o
 *fill*         0x00000000080088c2        0x2 
 .text.SPI_EndRxTxTransaction
                0x00000000080088c4       0x84 Drivers/STM32F4xx_HAL_Driver/Src/stm32f4xx_hal_spi.o
 .text.HAL_TIM_Base_Init
                0x0000000008008948       0x56 Drivers/STM32F4xx_HAL_Driver/Src/stm32f4xx_hal_tim.o
                0x0000000008008948                HAL_TIM_Base_Init
 .text.HAL_TIM_Base_Start_IT
                0x000000000800899e       0x48 Drivers/STM32F4xx_HAL_Driver/Src/stm32f4xx_hal_tim.o
                0x000000000800899e                HAL_TIM_Base_Start_IT
 .text.HAL_TIM_IRQHandler
                0x00000000080089e6      0x210 Drivers/STM32F4xx_HAL_Driver/Src/stm32f4xx_hal_tim.o
                0x00000000080089e6                HAL_TIM_IRQHandler
 .text.HAL_TIM_ConfigClockSource
                0x0000000008008bf6      0x16e Drivers/STM32F4xx_HAL_Driver/Src/stm32f4xx_hal_tim.o
                0x0000000008008bf6                HAL_TIM_ConfigClockSource
 .text.HAL_TIM_OC_DelayElapsedCallback
                0x0000000008008d64       0x14 Drivers/STM32F4xx_HAL_Driver/Src/stm32f4xx_hal_tim.o
                0x0000000008008d64                HAL_TIM_OC_DelayElapsedCallback
 .text.HAL_TIM_IC_CaptureCallback
                0x0000000008008d78       0x14 Drivers/STM32F4xx_HAL_Driver/Src/stm32f4xx_hal_tim.o
                0x0000000008008d78                HAL_TIM_IC_CaptureCallback
 .text.HAL_TIM_PWM_PulseFinishedCallback
                0x0000000008008d8c       0x14 Drivers/STM32F4xx_HAL_Driver/Src/stm32f4xx_hal_tim.o
                0x0000000008008d8c                HAL_TIM_PWM_PulseFinishedCallback
 .text.HAL_TIM_TriggerCallback
                0x0000000008008da0       0x14 Drivers/STM32F4xx_HAL_Driver/Src/stm32f4xx_hal_tim.o
                0x0000000008008da0                HAL_TIM_TriggerCallback
 .text.TIM_Base_SetConfig
                0x0000000008008db4      0x140 Drivers/STM32F4xx_HAL_Driver/Src/stm32f4xx_hal_tim.o
                0x0000000008008db4                TIM_Base_SetConfig
 .text.TIM_TI1_ConfigInputStage
                0x0000000008008ef4       0x5e Drivers/STM32F4xx_HAL_Driver/Src/stm32f4xx_hal_tim.o
 .text.TIM_TI2_ConfigInputStage
                0x0000000008008f52       0x60 Drivers/STM32F4xx_HAL_Driver/Src/stm32f4xx_hal_tim.o
 .text.TIM_ITRx_SetConfig
                0x0000000008008fb2       0x36 Drivers/STM32F4xx_HAL_Driver/Src/stm32f4xx_hal_tim.o
 .text.TIM_ETR_SetConfig
                0x0000000008008fe8       0x40 Drivers/STM32F4xx_HAL_Driver/Src/stm32f4xx_hal_tim.o
                0x0000000008008fe8                TIM_ETR_SetConfig
 .text.HAL_TIMEx_MasterConfigSynchronization
                0x0000000008009028       0xf8 Drivers/STM32F4xx_HAL_Driver/Src/stm32f4xx_hal_tim_ex.o
                0x0000000008009028                HAL_TIMEx_MasterConfigSynchronization
 .text.HAL_TIMEx_CommutCallback
                0x0000000008009120       0x14 Drivers/STM32F4xx_HAL_Driver/Src/stm32f4xx_hal_tim_ex.o
                0x0000000008009120                HAL_TIMEx_CommutCallback
 .text.HAL_TIMEx_BreakCallback
                0x0000000008009134       0x14 Drivers/STM32F4xx_HAL_Driver/Src/stm32f4xx_hal_tim_ex.o
                0x0000000008009134                HAL_TIMEx_BreakCallback
 .text.HAL_UART_Init
                0x0000000008009148       0x9a Drivers/STM32F4xx_HAL_Driver/Src/stm32f4xx_hal_uart.o
                0x0000000008009148                HAL_UART_Init
 .text.HAL_UART_Transmit
                0x00000000080091e2      0x132 Drivers/STM32F4xx_HAL_Driver/Src/stm32f4xx_hal_uart.o
                0x00000000080091e2                HAL_UART_Transmit
 .text.UART_WaitOnFlagUntilTimeout
                0x0000000008009314       0x94 Drivers/STM32F4xx_HAL_Driver/Src/stm32f4xx_hal_uart.o
 .text.UART_SetConfig
                0x00000000080093a8      0x6f8 Drivers/STM32F4xx_HAL_Driver/Src/stm32f4xx_hal_uart.o
 .text.FMC_SDRAM_Init
                0x0000000008009aa0       0xe6 Drivers/STM32F4xx_HAL_Driver/Src/stm32f4xx_ll_fmc.o
                0x0000000008009aa0                FMC_SDRAM_Init
 .text.FMC_SDRAM_Timing_Init
                0x0000000008009b86       0xfe Drivers/STM32F4xx_HAL_Driver/Src/stm32f4xx_ll_fmc.o
                0x0000000008009b86                FMC_SDRAM_Timing_Init
 .text.FMC_SDRAM_SendCommand
                0x0000000008009c84       0x78 Drivers/STM32F4xx_HAL_Driver/Src/stm32f4xx_ll_fmc.o
                0x0000000008009c84                FMC_SDRAM_SendCommand
 .text.FMC_SDRAM_ProgramRefreshRate
                0x0000000008009cfc       0x26 Drivers/STM32F4xx_HAL_Driver/Src/stm32f4xx_ll_fmc.o
                0x0000000008009cfc                FMC_SDRAM_ProgramRefreshRate
 .text.USB_CoreInit
                0x0000000008009d22       0xc2 Drivers/STM32F4xx_HAL_Driver/Src/stm32f4xx_ll_usb.o
                0x0000000008009d22                USB_CoreInit
 .text.USB_EnableGlobalInt
                0x0000000008009de4       0x22 Drivers/STM32F4xx_HAL_Driver/Src/stm32f4xx_ll_usb.o
                0x0000000008009de4                USB_EnableGlobalInt
 .text.USB_DisableGlobalInt
                0x0000000008009e06       0x22 Drivers/STM32F4xx_HAL_Driver/Src/stm32f4xx_ll_usb.o
                0x0000000008009e06                USB_DisableGlobalInt
 .text.USB_SetCurrentMode
                0x0000000008009e28       0x54 Drivers/STM32F4xx_HAL_Driver/Src/stm32f4xx_ll_usb.o
                0x0000000008009e28                USB_SetCurrentMode
 .text.USB_FlushTxFifo
                0x0000000008009e7c       0x4c Drivers/STM32F4xx_HAL_Driver/Src/stm32f4xx_ll_usb.o
                0x0000000008009e7c                USB_FlushTxFifo
 .text.USB_FlushRxFifo
                0x0000000008009ec8       0x44 Drivers/STM32F4xx_HAL_Driver/Src/stm32f4xx_ll_usb.o
                0x0000000008009ec8                USB_FlushRxFifo
 .text.USB_WritePacket
                0x0000000008009f0c       0x6a Drivers/STM32F4xx_HAL_Driver/Src/stm32f4xx_ll_usb.o
                0x0000000008009f0c                USB_WritePacket
 .text.USB_ReadPacket
                0x0000000008009f76       0x52 Drivers/STM32F4xx_HAL_Driver/Src/stm32f4xx_ll_usb.o
                0x0000000008009f76                USB_ReadPacket
 .text.USB_ReadInterrupts
                0x0000000008009fc8       0x26 Drivers/STM32F4xx_HAL_Driver/Src/stm32f4xx_ll_usb.o
                0x0000000008009fc8                USB_ReadInterrupts
 .text.USB_GetMode
                0x0000000008009fee       0x1c Drivers/STM32F4xx_HAL_Driver/Src/stm32f4xx_ll_usb.o
                0x0000000008009fee                USB_GetMode
 *fill*         0x000000000800a00a        0x2 
 .text.USB_CoreReset
                0x000000000800a00c       0x68 Drivers/STM32F4xx_HAL_Driver/Src/stm32f4xx_ll_usb.o
 .text.USB_HostInit
                0x000000000800a074      0x178 Drivers/STM32F4xx_HAL_Driver/Src/stm32f4xx_ll_usb.o
                0x000000000800a074                USB_HostInit
 .text.USB_InitFSLSPClkSel
                0x000000000800a1ec       0x74 Drivers/STM32F4xx_HAL_Driver/Src/stm32f4xx_ll_usb.o
                0x000000000800a1ec                USB_InitFSLSPClkSel
 .text.USB_ResetPort
                0x000000000800a260       0x54 Drivers/STM32F4xx_HAL_Driver/Src/stm32f4xx_ll_usb.o
                0x000000000800a260                USB_ResetPort
 .text.USB_DriveVbus
                0x000000000800a2b4       0x72 Drivers/STM32F4xx_HAL_Driver/Src/stm32f4xx_ll_usb.o
                0x000000000800a2b4                USB_DriveVbus
 .text.USB_GetHostSpeed
                0x000000000800a326       0x2e Drivers/STM32F4xx_HAL_Driver/Src/stm32f4xx_ll_usb.o
                0x000000000800a326                USB_GetHostSpeed
 .text.USB_GetCurrentFrame
                0x000000000800a354       0x22 Drivers/STM32F4xx_HAL_Driver/Src/stm32f4xx_ll_usb.o
                0x000000000800a354                USB_GetCurrentFrame
 *fill*         0x000000000800a376        0x2 
 .text.USB_HC_Init
                0x000000000800a378      0x214 Drivers/STM32F4xx_HAL_Driver/Src/stm32f4xx_ll_usb.o
                0x000000000800a378                USB_HC_Init
 .text.USB_HC_StartXfer
                0x000000000800a58c      0x28c Drivers/STM32F4xx_HAL_Driver/Src/stm32f4xx_ll_usb.o
                0x000000000800a58c                USB_HC_StartXfer
 .text.USB_HC_ReadInterrupt
                0x000000000800a818       0x22 Drivers/STM32F4xx_HAL_Driver/Src/stm32f4xx_ll_usb.o
                0x000000000800a818                USB_HC_ReadInterrupt
 .text.USB_HC_Halt
                0x000000000800a83a      0x1fe Drivers/STM32F4xx_HAL_Driver/Src/stm32f4xx_ll_usb.o
                0x000000000800a83a                USB_HC_Halt
 .text.USB_DoPing
                0x000000000800aa38       0x78 Drivers/STM32F4xx_HAL_Driver/Src/stm32f4xx_ll_usb.o
                0x000000000800aa38                USB_DoPing
 .text.USB_StopHost
                0x000000000800aab0      0x10c Drivers/STM32F4xx_HAL_Driver/Src/stm32f4xx_ll_usb.o
                0x000000000800aab0                USB_StopHost
 .text.USBH_CDC_InterfaceInit
                0x000000000800abbc      0x2ac Middlewares/ST/STM32_USB_Host_Library/Class/CDC/Src/usbh_cdc.o
 .text.USBH_CDC_InterfaceDeInit
                0x000000000800ae68       0xb2 Middlewares/ST/STM32_USB_Host_Library/Class/CDC/Src/usbh_cdc.o
 .text.USBH_CDC_ClassRequest
                0x000000000800af1a       0x3e Middlewares/ST/STM32_USB_Host_Library/Class/CDC/Src/usbh_cdc.o
 .text.USBH_CDC_Process
                0x000000000800af58      0x12c Middlewares/ST/STM32_USB_Host_Library/Class/CDC/Src/usbh_cdc.o
 .text.USBH_CDC_SOFProcess
                0x000000000800b084       0x16 Middlewares/ST/STM32_USB_Host_Library/Class/CDC/Src/usbh_cdc.o
 .text.GetLineCoding
                0x000000000800b09a       0x3e Middlewares/ST/STM32_USB_Host_Library/Class/CDC/Src/usbh_cdc.o
 .text.SetLineCoding
                0x000000000800b0d8       0x3e Middlewares/ST/STM32_USB_Host_Library/Class/CDC/Src/usbh_cdc.o
 .text.CDC_ProcessTransmission
                0x000000000800b116      0x128 Middlewares/ST/STM32_USB_Host_Library/Class/CDC/Src/usbh_cdc.o
 .text.CDC_ProcessReception
                0x000000000800b23e       0xd2 Middlewares/ST/STM32_USB_Host_Library/Class/CDC/Src/usbh_cdc.o
 .text.USBH_CDC_TransmitCallback
                0x000000000800b310       0x14 Middlewares/ST/STM32_USB_Host_Library/Class/CDC/Src/usbh_cdc.o
                0x000000000800b310                USBH_CDC_TransmitCallback
 .text.USBH_CDC_ReceiveCallback
                0x000000000800b324       0x14 Middlewares/ST/STM32_USB_Host_Library/Class/CDC/Src/usbh_cdc.o
                0x000000000800b324                USBH_CDC_ReceiveCallback
 .text.USBH_CDC_LineCodingChanged
                0x000000000800b338       0x14 Middlewares/ST/STM32_USB_Host_Library/Class/CDC/Src/usbh_cdc.o
                0x000000000800b338                USBH_CDC_LineCodingChanged
 .text.USBH_Init
                0x000000000800b34c       0xc4 Middlewares/ST/STM32_USB_Host_Library/Core/Src/usbh_core.o
                0x000000000800b34c                USBH_Init
 .text.DeInitStateMachine
                0x000000000800b410       0xa8 Middlewares/ST/STM32_USB_Host_Library/Core/Src/usbh_core.o
 .text.USBH_RegisterClass
                0x000000000800b4b8       0x54 Middlewares/ST/STM32_USB_Host_Library/Core/Src/usbh_core.o
                0x000000000800b4b8                USBH_RegisterClass
 .text.USBH_SelectInterface
                0x000000000800b50c       0x38 Middlewares/ST/STM32_USB_Host_Library/Core/Src/usbh_core.o
                0x000000000800b50c                USBH_SelectInterface
 .text.USBH_FindInterface
                0x000000000800b544       0x8c Middlewares/ST/STM32_USB_Host_Library/Core/Src/usbh_core.o
                0x000000000800b544                USBH_FindInterface
 .text.USBH_Start
                0x000000000800b5d0       0x20 Middlewares/ST/STM32_USB_Host_Library/Core/Src/usbh_core.o
                0x000000000800b5d0                USBH_Start
 .text.USBH_Process
                0x000000000800b5f0      0x4c4 Middlewares/ST/STM32_USB_Host_Library/Core/Src/usbh_core.o
                0x000000000800b5f0                USBH_Process
 .text.USBH_HandleEnum
                0x000000000800bab4      0x458 Middlewares/ST/STM32_USB_Host_Library/Core/Src/usbh_core.o
 .text.USBH_LL_SetTimer
                0x000000000800bf0c       0x1e Middlewares/ST/STM32_USB_Host_Library/Core/Src/usbh_core.o
                0x000000000800bf0c                USBH_LL_SetTimer
 .text.USBH_LL_IncTimer
                0x000000000800bf2a       0x24 Middlewares/ST/STM32_USB_Host_Library/Core/Src/usbh_core.o
                0x000000000800bf2a                USBH_LL_IncTimer
 .text.USBH_HandleSof
                0x000000000800bf4e       0x30 Middlewares/ST/STM32_USB_Host_Library/Core/Src/usbh_core.o
 .text.USBH_LL_PortEnabled
                0x000000000800bf7e       0x34 Middlewares/ST/STM32_USB_Host_Library/Core/Src/usbh_core.o
                0x000000000800bf7e                USBH_LL_PortEnabled
 .text.USBH_LL_PortDisabled
                0x000000000800bfb2       0x1c Middlewares/ST/STM32_USB_Host_Library/Core/Src/usbh_core.o
                0x000000000800bfb2                USBH_LL_PortDisabled
 .text.USBH_LL_Connect
                0x000000000800bfce       0x46 Middlewares/ST/STM32_USB_Host_Library/Core/Src/usbh_core.o
                0x000000000800bfce                USBH_LL_Connect
 .text.USBH_LL_Disconnect
                0x000000000800c014       0x64 Middlewares/ST/STM32_USB_Host_Library/Core/Src/usbh_core.o
                0x000000000800c014                USBH_LL_Disconnect
 .text.USBH_Process_OS
                0x000000000800c078       0x2a Middlewares/ST/STM32_USB_Host_Library/Core/Src/usbh_core.o
 .text.USBH_LL_NotifyURBChange
                0x000000000800c0a2       0x2e Middlewares/ST/STM32_USB_Host_Library/Core/Src/usbh_core.o
                0x000000000800c0a2                USBH_LL_NotifyURBChange
 .text.USBH_Get_DevDesc
                0x000000000800c0d0       0x50 Middlewares/ST/STM32_USB_Host_Library/Core/Src/usbh_ctlreq.o
                0x000000000800c0d0                USBH_Get_DevDesc
 .text.USBH_Get_CfgDesc
                0x000000000800c120       0x48 Middlewares/ST/STM32_USB_Host_Library/Core/Src/usbh_ctlreq.o
                0x000000000800c120                USBH_Get_CfgDesc
 .text.USBH_Get_StringDesc
                0x000000000800c168       0x56 Middlewares/ST/STM32_USB_Host_Library/Core/Src/usbh_ctlreq.o
                0x000000000800c168                USBH_Get_StringDesc
 .text.USBH_GetDescriptor
                0x000000000800c1be       0x6a Middlewares/ST/STM32_USB_Host_Library/Core/Src/usbh_ctlreq.o
                0x000000000800c1be                USBH_GetDescriptor
 .text.USBH_SetAddress
                0x000000000800c228       0x48 Middlewares/ST/STM32_USB_Host_Library/Core/Src/usbh_ctlreq.o
                0x000000000800c228                USBH_SetAddress
 .text.USBH_SetCfg
                0x000000000800c270       0x46 Middlewares/ST/STM32_USB_Host_Library/Core/Src/usbh_ctlreq.o
                0x000000000800c270                USBH_SetCfg
 .text.USBH_SetFeature
                0x000000000800c2b6       0x48 Middlewares/ST/STM32_USB_Host_Library/Core/Src/usbh_ctlreq.o
                0x000000000800c2b6                USBH_SetFeature
 .text.USBH_ClrFeature
                0x000000000800c2fe       0x48 Middlewares/ST/STM32_USB_Host_Library/Core/Src/usbh_ctlreq.o
                0x000000000800c2fe                USBH_ClrFeature
 .text.USBH_ParseDevDesc
                0x000000000800c346       0xe0 Middlewares/ST/STM32_USB_Host_Library/Core/Src/usbh_ctlreq.o
 .text.USBH_ParseCfgDesc
                0x000000000800c426      0x144 Middlewares/ST/STM32_USB_Host_Library/Core/Src/usbh_ctlreq.o
 .text.USBH_ParseInterfaceDesc
                0x000000000800c56a       0x5e Middlewares/ST/STM32_USB_Host_Library/Core/Src/usbh_ctlreq.o
 .text.USBH_ParseEPDesc
                0x000000000800c5c8       0x5a Middlewares/ST/STM32_USB_Host_Library/Core/Src/usbh_ctlreq.o
 .text.USBH_ParseStringDesc
                0x000000000800c622       0x66 Middlewares/ST/STM32_USB_Host_Library/Core/Src/usbh_ctlreq.o
 .text.USBH_GetNextDesc
                0x000000000800c688       0x36 Middlewares/ST/STM32_USB_Host_Library/Core/Src/usbh_ctlreq.o
                0x000000000800c688                USBH_GetNextDesc
 .text.USBH_CtlReq
                0x000000000800c6be       0xb2 Middlewares/ST/STM32_USB_Host_Library/Core/Src/usbh_ctlreq.o
                0x000000000800c6be                USBH_CtlReq
 .text.USBH_HandleControl
                0x000000000800c770      0x494 Middlewares/ST/STM32_USB_Host_Library/Core/Src/usbh_ctlreq.o
 .text.USBH_CtlSendSetup
                0x000000000800cc04       0x34 Middlewares/ST/STM32_USB_Host_Library/Core/Src/usbh_ioreq.o
                0x000000000800cc04                USBH_CtlSendSetup
 .text.USBH_CtlSendData
                0x000000000800cc38       0x4a Middlewares/ST/STM32_USB_Host_Library/Core/Src/usbh_ioreq.o
                0x000000000800cc38                USBH_CtlSendData
 .text.USBH_CtlReceiveData
                0x000000000800cc82       0x3c Middlewares/ST/STM32_USB_Host_Library/Core/Src/usbh_ioreq.o
                0x000000000800cc82                USBH_CtlReceiveData
 .text.USBH_BulkSendData
                0x000000000800ccbe       0x4a Middlewares/ST/STM32_USB_Host_Library/Core/Src/usbh_ioreq.o
                0x000000000800ccbe                USBH_BulkSendData
 .text.USBH_BulkReceiveData
                0x000000000800cd08       0x3c Middlewares/ST/STM32_USB_Host_Library/Core/Src/usbh_ioreq.o
                0x000000000800cd08                USBH_BulkReceiveData
 .text.USBH_OpenPipe
                0x000000000800cd44       0x3e Middlewares/ST/STM32_USB_Host_Library/Core/Src/usbh_pipes.o
                0x000000000800cd44                USBH_OpenPipe
 .text.USBH_ClosePipe
                0x000000000800cd82       0x20 Middlewares/ST/STM32_USB_Host_Library/Core/Src/usbh_pipes.o
                0x000000000800cd82                USBH_ClosePipe
 .text.USBH_AllocPipe
                0x000000000800cda2       0x42 Middlewares/ST/STM32_USB_Host_Library/Core/Src/usbh_pipes.o
                0x000000000800cda2                USBH_AllocPipe
 .text.USBH_FreePipe
                0x000000000800cde4       0x3c Middlewares/ST/STM32_USB_Host_Library/Core/Src/usbh_pipes.o
                0x000000000800cde4                USBH_FreePipe
 .text.USBH_GetFreePipe
                0x000000000800ce20       0x48 Middlewares/ST/STM32_USB_Host_Library/Core/Src/usbh_pipes.o
 .text.makeFreeRtosPriority
                0x000000000800ce68       0x30 Middlewares/Third_Party/FreeRTOS/Source/CMSIS_RTOS/cmsis_os.o
 .text.inHandlerMode
                0x000000000800ce98       0x24 Middlewares/Third_Party/FreeRTOS/Source/CMSIS_RTOS/cmsis_os.o
 .text.osKernelStart
                0x000000000800cebc        0xe Middlewares/Third_Party/FreeRTOS/Source/CMSIS_RTOS/cmsis_os.o
                0x000000000800cebc                osKernelStart
 .text.osThreadCreate
                0x000000000800ceca       0x98 Middlewares/Third_Party/FreeRTOS/Source/CMSIS_RTOS/cmsis_os.o
                0x000000000800ceca                osThreadCreate
 .text.osDelay  0x000000000800cf62       0x28 Middlewares/Third_Party/FreeRTOS/Source/CMSIS_RTOS/cmsis_os.o
                0x000000000800cf62                osDelay
 .text.osMessageCreate
                0x000000000800cf8a       0x52 Middlewares/Third_Party/FreeRTOS/Source/CMSIS_RTOS/cmsis_os.o
                0x000000000800cf8a                osMessageCreate
 .text.osMessagePut
                0x000000000800cfdc       0x80 Middlewares/Third_Party/FreeRTOS/Source/CMSIS_RTOS/cmsis_os.o
                0x000000000800cfdc                osMessagePut
 .text.osMessageGet
                0x000000000800d05c       0xe8 Middlewares/Third_Party/FreeRTOS/Source/CMSIS_RTOS/cmsis_os.o
                0x000000000800d05c                osMessageGet
 .text.vListInitialise
                0x000000000800d144       0x40 Middlewares/Third_Party/FreeRTOS/Source/list.o
                0x000000000800d144                vListInitialise
 .text.vListInitialiseItem
                0x000000000800d184       0x1a Middlewares/Third_Party/FreeRTOS/Source/list.o
                0x000000000800d184                vListInitialiseItem
 .text.vListInsertEnd
                0x000000000800d19e       0x48 Middlewares/Third_Party/FreeRTOS/Source/list.o
                0x000000000800d19e                vListInsertEnd
 .text.vListInsert
                0x000000000800d1e6       0x72 Middlewares/Third_Party/FreeRTOS/Source/list.o
                0x000000000800d1e6                vListInsert
 .text.uxListRemove
                0x000000000800d258       0x54 Middlewares/Third_Party/FreeRTOS/Source/list.o
                0x000000000800d258                uxListRemove
 .text.xQueueGenericReset
                0x000000000800d2ac       0xd0 Middlewares/Third_Party/FreeRTOS/Source/queue.o
                0x000000000800d2ac                xQueueGenericReset
 .text.xQueueGenericCreateStatic
                0x000000000800d37c       0xe6 Middlewares/Third_Party/FreeRTOS/Source/queue.o
                0x000000000800d37c                xQueueGenericCreateStatic
 .text.xQueueGenericCreate
                0x000000000800d462       0x7e Middlewares/Third_Party/FreeRTOS/Source/queue.o
                0x000000000800d462                xQueueGenericCreate
 .text.prvInitialiseNewQueue
                0x000000000800d4e0       0x3e Middlewares/Third_Party/FreeRTOS/Source/queue.o
 *fill*         0x000000000800d51e        0x2 
 .text.xQueueGenericSend
                0x000000000800d520      0x1f4 Middlewares/Third_Party/FreeRTOS/Source/queue.o
                0x000000000800d520                xQueueGenericSend
 .text.xQueueGenericSendFromISR
                0x000000000800d714      0x128 Middlewares/Third_Party/FreeRTOS/Source/queue.o
                0x000000000800d714                xQueueGenericSendFromISR
 .text.xQueueReceive
                0x000000000800d83c      0x1b8 Middlewares/Third_Party/FreeRTOS/Source/queue.o
                0x000000000800d83c                xQueueReceive
 .text.xQueueReceiveFromISR
                0x000000000800d9f4       0xfa Middlewares/Third_Party/FreeRTOS/Source/queue.o
                0x000000000800d9f4                xQueueReceiveFromISR
 .text.prvCopyDataToQueue
                0x000000000800daee       0xd4 Middlewares/Third_Party/FreeRTOS/Source/queue.o
 .text.prvCopyDataFromQueue
                0x000000000800dbc2       0x4c Middlewares/Third_Party/FreeRTOS/Source/queue.o
 .text.prvUnlockQueue
                0x000000000800dc0e       0xa4 Middlewares/Third_Party/FreeRTOS/Source/queue.o
 .text.prvIsQueueEmpty
                0x000000000800dcb2       0x2c Middlewares/Third_Party/FreeRTOS/Source/queue.o
 .text.prvIsQueueFull
                0x000000000800dcde       0x30 Middlewares/Third_Party/FreeRTOS/Source/queue.o
 .text.xTaskCreateStatic
                0x000000000800dd0e       0xb4 Middlewares/Third_Party/FreeRTOS/Source/tasks.o
                0x000000000800dd0e                xTaskCreateStatic
 .text.xTaskCreate
                0x000000000800ddc2       0x8a Middlewares/Third_Party/FreeRTOS/Source/tasks.o
                0x000000000800ddc2                xTaskCreate
 .text.prvInitialiseNewTask
                0x000000000800de4c      0x122 Middlewares/Third_Party/FreeRTOS/Source/tasks.o
 *fill*         0x000000000800df6e        0x2 
 .text.prvAddNewTaskToReadyList
                0x000000000800df70       0xd4 Middlewares/Third_Party/FreeRTOS/Source/tasks.o
 .text.vTaskDelay
                0x000000000800e044       0x68 Middlewares/Third_Party/FreeRTOS/Source/tasks.o
                0x000000000800e044                vTaskDelay
 .text.vTaskStartScheduler
                0x000000000800e0ac       0xbc Middlewares/Third_Party/FreeRTOS/Source/tasks.o
                0x000000000800e0ac                vTaskStartScheduler
 .text.vTaskSuspendAll
                0x000000000800e168       0x1c Middlewares/Third_Party/FreeRTOS/Source/tasks.o
                0x000000000800e168                vTaskSuspendAll
 .text.xTaskResumeAll
                0x000000000800e184      0x138 Middlewares/Third_Party/FreeRTOS/Source/tasks.o
                0x000000000800e184                xTaskResumeAll
 .text.xTaskIncrementTick
                0x000000000800e2bc      0x170 Middlewares/Third_Party/FreeRTOS/Source/tasks.o
                0x000000000800e2bc                xTaskIncrementTick
 .text.vTaskSwitchContext
                0x000000000800e42c      0x100 Middlewares/Third_Party/FreeRTOS/Source/tasks.o
                0x000000000800e42c                vTaskSwitchContext
 .text.vTaskPlaceOnEventList
                0x000000000800e52c       0x48 Middlewares/Third_Party/FreeRTOS/Source/tasks.o
                0x000000000800e52c                vTaskPlaceOnEventList
 .text.xTaskRemoveFromEventList
                0x000000000800e574       0xc4 Middlewares/Third_Party/FreeRTOS/Source/tasks.o
                0x000000000800e574                xTaskRemoveFromEventList
 .text.vTaskInternalSetTimeOutState
                0x000000000800e638       0x2c Middlewares/Third_Party/FreeRTOS/Source/tasks.o
                0x000000000800e638                vTaskInternalSetTimeOutState
 .text.xTaskCheckForTimeOut
                0x000000000800e664       0xc0 Middlewares/Third_Party/FreeRTOS/Source/tasks.o
                0x000000000800e664                xTaskCheckForTimeOut
 .text.vTaskMissedYield
                0x000000000800e724       0x18 Middlewares/Third_Party/FreeRTOS/Source/tasks.o
                0x000000000800e724                vTaskMissedYield
 .text.prvIdleTask
                0x000000000800e73c       0x34 Middlewares/Third_Party/FreeRTOS/Source/tasks.o
 .text.prvInitialiseTaskLists
                0x000000000800e770       0x80 Middlewares/Third_Party/FreeRTOS/Source/tasks.o
 .text.prvCheckTasksWaitingTermination
                0x000000000800e7f0       0x58 Middlewares/Third_Party/FreeRTOS/Source/tasks.o
 .text.prvDeleteTCB
                0x000000000800e848       0x5c Middlewares/Third_Party/FreeRTOS/Source/tasks.o
 .text.prvResetNextTaskUnblockTime
                0x000000000800e8a4       0x40 Middlewares/Third_Party/FreeRTOS/Source/tasks.o
 .text.xTaskGetSchedulerState
                0x000000000800e8e4       0x3c Middlewares/Third_Party/FreeRTOS/Source/tasks.o
                0x000000000800e8e4                xTaskGetSchedulerState
 .text.xTaskPriorityDisinherit
                0x000000000800e920      0x108 Middlewares/Third_Party/FreeRTOS/Source/tasks.o
                0x000000000800e920                xTaskPriorityDisinherit
 .text.prvAddCurrentTaskToDelayedList
                0x000000000800ea28       0xcc Middlewares/Third_Party/FreeRTOS/Source/tasks.o
 .text.pxPortInitialiseStack
                0x000000000800eaf4       0x68 Middlewares/Third_Party/FreeRTOS/Source/portable/GCC/ARM_CM4F/port.o
                0x000000000800eaf4                pxPortInitialiseStack
 .text.prvTaskExitError
                0x000000000800eb5c       0x54 Middlewares/Third_Party/FreeRTOS/Source/portable/GCC/ARM_CM4F/port.o
 .text.SVC_Handler
                0x000000000800ebb0       0x28 Middlewares/Third_Party/FreeRTOS/Source/portable/GCC/ARM_CM4F/port.o
                0x000000000800ebb0                SVC_Handler
 .text.prvPortStartFirstTask
                0x000000000800ebd8       0x28 Middlewares/Third_Party/FreeRTOS/Source/portable/GCC/ARM_CM4F/port.o
 .text.xPortStartScheduler
                0x000000000800ec00      0x13c Middlewares/Third_Party/FreeRTOS/Source/portable/GCC/ARM_CM4F/port.o
                0x000000000800ec00                xPortStartScheduler
 .text.vPortEnterCritical
                0x000000000800ed3c       0x5c Middlewares/Third_Party/FreeRTOS/Source/portable/GCC/ARM_CM4F/port.o
                0x000000000800ed3c                vPortEnterCritical
 .text.vPortExitCritical
                0x000000000800ed98       0x50 Middlewares/Third_Party/FreeRTOS/Source/portable/GCC/ARM_CM4F/port.o
                0x000000000800ed98                vPortExitCritical
 *fill*         0x000000000800ede8        0x8 
 .text.PendSV_Handler
                0x000000000800edf0       0x68 Middlewares/Third_Party/FreeRTOS/Source/portable/GCC/ARM_CM4F/port.o
                0x000000000800edf0                PendSV_Handler
 .text.SysTick_Handler
                0x000000000800ee58       0x40 Middlewares/Third_Party/FreeRTOS/Source/portable/GCC/ARM_CM4F/port.o
                0x000000000800ee58                SysTick_Handler
 .text.vPortSetupTimerInterrupt
                0x000000000800ee98       0x48 Middlewares/Third_Party/FreeRTOS/Source/portable/GCC/ARM_CM4F/port.o
                0x000000000800ee98                vPortSetupTimerInterrupt
 .text.vPortEnableVFP
                0x000000000800eee0       0x14 Middlewares/Third_Party/FreeRTOS/Source/portable/GCC/ARM_CM4F/port.o
 .text.vPortValidateInterruptPriority
                0x000000000800eef4       0x7c Middlewares/Third_Party/FreeRTOS/Source/portable/GCC/ARM_CM4F/port.o
                0x000000000800eef4                vPortValidateInterruptPriority
 .text.pvPortMalloc
                0x000000000800ef70      0x18c Middlewares/Third_Party/FreeRTOS/Source/portable/MemMang/heap_4.o
                0x000000000800ef70                pvPortMalloc
 .text.vPortFree
                0x000000000800f0fc       0xb0 Middlewares/Third_Party/FreeRTOS/Source/portable/MemMang/heap_4.o
                0x000000000800f0fc                vPortFree
 .text.prvHeapInit
                0x000000000800f1ac       0xc4 Middlewares/Third_Party/FreeRTOS/Source/portable/MemMang/heap_4.o
 .text.prvInsertBlockIntoFreeList
                0x000000000800f270       0xb4 Middlewares/Third_Party/FreeRTOS/Source/portable/MemMang/heap_4.o
 .text.MX_USB_HOST_Init
                0x000000000800f324       0x4c USB_HOST/App/usb_host.o
                0x000000000800f324                MX_USB_HOST_Init
 .text.USBH_UserProcess
                0x000000000800f370       0x5c USB_HOST/App/usb_host.o
 .text.HAL_HCD_MspInit
                0x000000000800f3cc       0xbc USB_HOST/Target/usbh_conf.o
                0x000000000800f3cc                HAL_HCD_MspInit
 .text.HAL_HCD_SOF_Callback
                0x000000000800f488       0x1c USB_HOST/Target/usbh_conf.o
                0x000000000800f488                HAL_HCD_SOF_Callback
 .text.HAL_HCD_Connect_Callback
                0x000000000800f4a4       0x1c USB_HOST/Target/usbh_conf.o
                0x000000000800f4a4                HAL_HCD_Connect_Callback
 .text.HAL_HCD_Disconnect_Callback
                0x000000000800f4c0       0x1c USB_HOST/Target/usbh_conf.o
                0x000000000800f4c0                HAL_HCD_Disconnect_Callback
 .text.HAL_HCD_HC_NotifyURBChange_Callback
                0x000000000800f4dc       0x24 USB_HOST/Target/usbh_conf.o
                0x000000000800f4dc                HAL_HCD_HC_NotifyURBChange_Callback
 .text.HAL_HCD_PortEnabled_Callback
                0x000000000800f500       0x1c USB_HOST/Target/usbh_conf.o
                0x000000000800f500                HAL_HCD_PortEnabled_Callback
 .text.HAL_HCD_PortDisabled_Callback
                0x000000000800f51c       0x1c USB_HOST/Target/usbh_conf.o
                0x000000000800f51c                HAL_HCD_PortDisabled_Callback
 .text.USBH_LL_Init
                0x000000000800f538       0x8c USB_HOST/Target/usbh_conf.o
                0x000000000800f538                USBH_LL_Init
 .text.USBH_LL_Start
                0x000000000800f5c4       0x36 USB_HOST/Target/usbh_conf.o
                0x000000000800f5c4                USBH_LL_Start
 .text.USBH_LL_Stop
                0x000000000800f5fa       0x36 USB_HOST/Target/usbh_conf.o
                0x000000000800f5fa                USBH_LL_Stop
 .text.USBH_LL_GetSpeed
                0x000000000800f630       0x4a USB_HOST/Target/usbh_conf.o
                0x000000000800f630                USBH_LL_GetSpeed
 .text.USBH_LL_ResetPort
                0x000000000800f67a       0x36 USB_HOST/Target/usbh_conf.o
                0x000000000800f67a                USBH_LL_ResetPort
 .text.USBH_LL_GetLastXferSize
                0x000000000800f6b0       0x26 USB_HOST/Target/usbh_conf.o
                0x000000000800f6b0                USBH_LL_GetLastXferSize
 .text.USBH_LL_OpenPipe
                0x000000000800f6d6       0x5e USB_HOST/Target/usbh_conf.o
                0x000000000800f6d6                USBH_LL_OpenPipe
 .text.USBH_LL_ClosePipe
                0x000000000800f734       0x3e USB_HOST/Target/usbh_conf.o
                0x000000000800f734                USBH_LL_ClosePipe
 .text.USBH_LL_SubmitURB
                0x000000000800f772       0x62 USB_HOST/Target/usbh_conf.o
                0x000000000800f772                USBH_LL_SubmitURB
 .text.USBH_LL_GetURBState
                0x000000000800f7d4       0x26 USB_HOST/Target/usbh_conf.o
                0x000000000800f7d4                USBH_LL_GetURBState
 .text.USBH_LL_DriverVBUS
                0x000000000800f7fa       0x2e USB_HOST/Target/usbh_conf.o
                0x000000000800f7fa                USBH_LL_DriverVBUS
 .text.USBH_LL_SetToggle
                0x000000000800f828       0x66 USB_HOST/Target/usbh_conf.o
                0x000000000800f828                USBH_LL_SetToggle
 .text.USBH_Delay
                0x000000000800f88e       0x16 USB_HOST/Target/usbh_conf.o
                0x000000000800f88e                USBH_Delay
 .text.USBH_Get_USB_Status
                0x000000000800f8a4       0x58 USB_HOST/Target/usbh_conf.o
                0x000000000800f8a4                USBH_Get_USB_Status
 .text.MX_DriverVbusHS
                0x000000000800f8fc       0x38 USB_HOST/Target/usbh_platform.o
                0x000000000800f8fc                MX_DriverVbusHS
 .text.__errno  0x000000000800f934        0xc c:/st/stm32cubeide_1.5.1/stm32cubeide/plugins/com.st.stm32cube.ide.mcu.externaltools.gnu-tools-for-stm32.7-2018-q2-update.win32_1.5.0.202011040924/tools/bin/../lib/gcc/arm-none-eabi/7.3.1/../../../../arm-none-eabi/lib/thumb/v7e-m/fpv4-sp/hard\libc_nano.a(lib_a-errno.o)
                0x000000000800f934                __errno
 .text.__libc_init_array
                0x000000000800f940       0x48 c:/st/stm32cubeide_1.5.1/stm32cubeide/plugins/com.st.stm32cube.ide.mcu.externaltools.gnu-tools-for-stm32.7-2018-q2-update.win32_1.5.0.202011040924/tools/bin/../lib/gcc/arm-none-eabi/7.3.1/../../../../arm-none-eabi/lib/thumb/v7e-m/fpv4-sp/hard\libc_nano.a(lib_a-init.o)
                0x000000000800f940                __libc_init_array
 .text.malloc   0x000000000800f988       0x10 c:/st/stm32cubeide_1.5.1/stm32cubeide/plugins/com.st.stm32cube.ide.mcu.externaltools.gnu-tools-for-stm32.7-2018-q2-update.win32_1.5.0.202011040924/tools/bin/../lib/gcc/arm-none-eabi/7.3.1/../../../../arm-none-eabi/lib/thumb/v7e-m/fpv4-sp/hard\libc_nano.a(lib_a-malloc.o)
                0x000000000800f988                malloc
 .text.free     0x000000000800f998       0x10 c:/st/stm32cubeide_1.5.1/stm32cubeide/plugins/com.st.stm32cube.ide.mcu.externaltools.gnu-tools-for-stm32.7-2018-q2-update.win32_1.5.0.202011040924/tools/bin/../lib/gcc/arm-none-eabi/7.3.1/../../../../arm-none-eabi/lib/thumb/v7e-m/fpv4-sp/hard\libc_nano.a(lib_a-malloc.o)
                0x000000000800f998                free
 .text.memcpy   0x000000000800f9a8       0x16 c:/st/stm32cubeide_1.5.1/stm32cubeide/plugins/com.st.stm32cube.ide.mcu.externaltools.gnu-tools-for-stm32.7-2018-q2-update.win32_1.5.0.202011040924/tools/bin/../lib/gcc/arm-none-eabi/7.3.1/../../../../arm-none-eabi/lib/thumb/v7e-m/fpv4-sp/hard\libc_nano.a(lib_a-memcpy-stub.o)
                0x000000000800f9a8                memcpy
 .text.memset   0x000000000800f9be       0x10 c:/st/stm32cubeide_1.5.1/stm32cubeide/plugins/com.st.stm32cube.ide.mcu.externaltools.gnu-tools-for-stm32.7-2018-q2-update.win32_1.5.0.202011040924/tools/bin/../lib/gcc/arm-none-eabi/7.3.1/../../../../arm-none-eabi/lib/thumb/v7e-m/fpv4-sp/hard\libc_nano.a(lib_a-memset.o)
                0x000000000800f9be                memset
 *fill*         0x000000000800f9ce        0x2 
 .text._free_r  0x000000000800f9d0       0x9c c:/st/stm32cubeide_1.5.1/stm32cubeide/plugins/com.st.stm32cube.ide.mcu.externaltools.gnu-tools-for-stm32.7-2018-q2-update.win32_1.5.0.202011040924/tools/bin/../lib/gcc/arm-none-eabi/7.3.1/../../../../arm-none-eabi/lib/thumb/v7e-m/fpv4-sp/hard\libc_nano.a(lib_a-nano-freer.o)
                0x000000000800f9d0                _free_r
 .text._malloc_r
                0x000000000800fa6c       0xb4 c:/st/stm32cubeide_1.5.1/stm32cubeide/plugins/com.st.stm32cube.ide.mcu.externaltools.gnu-tools-for-stm32.7-2018-q2-update.win32_1.5.0.202011040924/tools/bin/../lib/gcc/arm-none-eabi/7.3.1/../../../../arm-none-eabi/lib/thumb/v7e-m/fpv4-sp/hard\libc_nano.a(lib_a-nano-mallocr.o)
                0x000000000800fa6c                _malloc_r
 .text.__cvt    0x000000000800fb20       0xc2 c:/st/stm32cubeide_1.5.1/stm32cubeide/plugins/com.st.stm32cube.ide.mcu.externaltools.gnu-tools-for-stm32.7-2018-q2-update.win32_1.5.0.202011040924/tools/bin/../lib/gcc/arm-none-eabi/7.3.1/../../../../arm-none-eabi/lib/thumb/v7e-m/fpv4-sp/hard\libc_nano.a(lib_a-nano-vfprintf_float.o)
                0x000000000800fb20                __cvt
 .text.__exponent
                0x000000000800fbe2       0x66 c:/st/stm32cubeide_1.5.1/stm32cubeide/plugins/com.st.stm32cube.ide.mcu.externaltools.gnu-tools-for-stm32.7-2018-q2-update.win32_1.5.0.202011040924/tools/bin/../lib/gcc/arm-none-eabi/7.3.1/../../../../arm-none-eabi/lib/thumb/v7e-m/fpv4-sp/hard\libc_nano.a(lib_a-nano-vfprintf_float.o)
                0x000000000800fbe2                __exponent
 .text._printf_float
                0x000000000800fc48      0x480 c:/st/stm32cubeide_1.5.1/stm32cubeide/plugins/com.st.stm32cube.ide.mcu.externaltools.gnu-tools-for-stm32.7-2018-q2-update.win32_1.5.0.202011040924/tools/bin/../lib/gcc/arm-none-eabi/7.3.1/../../../../arm-none-eabi/lib/thumb/v7e-m/fpv4-sp/hard\libc_nano.a(lib_a-nano-vfprintf_float.o)
                0x000000000800fc48                _printf_float
 .text._printf_common
                0x00000000080100c8       0xea c:/st/stm32cubeide_1.5.1/stm32cubeide/plugins/com.st.stm32cube.ide.mcu.externaltools.gnu-tools-for-stm32.7-2018-q2-update.win32_1.5.0.202011040924/tools/bin/../lib/gcc/arm-none-eabi/7.3.1/../../../../arm-none-eabi/lib/thumb/v7e-m/fpv4-sp/hard\libc_nano.a(lib_a-nano-vfprintf_i.o)
                0x00000000080100c8                _printf_common
 *fill*         0x00000000080101b2        0x2 
 .text._printf_i
                0x00000000080101b4      0x224 c:/st/stm32cubeide_1.5.1/stm32cubeide/plugins/com.st.stm32cube.ide.mcu.externaltools.gnu-tools-for-stm32.7-2018-q2-update.win32_1.5.0.202011040924/tools/bin/../lib/gcc/arm-none-eabi/7.3.1/../../../../arm-none-eabi/lib/thumb/v7e-m/fpv4-sp/hard\libc_nano.a(lib_a-nano-vfprintf_i.o)
                0x00000000080101b4                _printf_i
 .text._sbrk_r  0x00000000080103d8       0x20 c:/st/stm32cubeide_1.5.1/stm32cubeide/plugins/com.st.stm32cube.ide.mcu.externaltools.gnu-tools-for-stm32.7-2018-q2-update.win32_1.5.0.202011040924/tools/bin/../lib/gcc/arm-none-eabi/7.3.1/../../../../arm-none-eabi/lib/thumb/v7e-m/fpv4-sp/hard\libc_nano.a(lib_a-sbrkr.o)
                0x00000000080103d8                _sbrk_r
 .text.sprintf  0x00000000080103f8       0x40 c:/st/stm32cubeide_1.5.1/stm32cubeide/plugins/com.st.stm32cube.ide.mcu.externaltools.gnu-tools-for-stm32.7-2018-q2-update.win32_1.5.0.202011040924/tools/bin/../lib/gcc/arm-none-eabi/7.3.1/../../../../arm-none-eabi/lib/thumb/v7e-m/fpv4-sp/hard\libc_nano.a(lib_a-sprintf.o)
                0x00000000080103f8                siprintf
                0x00000000080103f8                sprintf
 .text.quorem   0x0000000008010438      0x118 c:/st/stm32cubeide_1.5.1/stm32cubeide/plugins/com.st.stm32cube.ide.mcu.externaltools.gnu-tools-for-stm32.7-2018-q2-update.win32_1.5.0.202011040924/tools/bin/../lib/gcc/arm-none-eabi/7.3.1/../../../../arm-none-eabi/lib/thumb/v7e-m/fpv4-sp/hard\libc_nano.a(lib_a-dtoa.o)
 .text._dtoa_r  0x0000000008010550      0xb70 c:/st/stm32cubeide_1.5.1/stm32cubeide/plugins/com.st.stm32cube.ide.mcu.externaltools.gnu-tools-for-stm32.7-2018-q2-update.win32_1.5.0.202011040924/tools/bin/../lib/gcc/arm-none-eabi/7.3.1/../../../../arm-none-eabi/lib/thumb/v7e-m/fpv4-sp/hard\libc_nano.a(lib_a-dtoa.o)
                0x0000000008010550                _dtoa_r
 .text._localeconv_r
                0x00000000080110c0       0x1c c:/st/stm32cubeide_1.5.1/stm32cubeide/plugins/com.st.stm32cube.ide.mcu.externaltools.gnu-tools-for-stm32.7-2018-q2-update.win32_1.5.0.202011040924/tools/bin/../lib/gcc/arm-none-eabi/7.3.1/../../../../arm-none-eabi/lib/thumb/v7e-m/fpv4-sp/hard\libc_nano.a(lib_a-localeconv.o)
                0x00000000080110c0                _localeconv_r
 .text.__malloc_lock
                0x00000000080110dc        0x2 c:/st/stm32cubeide_1.5.1/stm32cubeide/plugins/com.st.stm32cube.ide.mcu.externaltools.gnu-tools-for-stm32.7-2018-q2-update.win32_1.5.0.202011040924/tools/bin/../lib/gcc/arm-none-eabi/7.3.1/../../../../arm-none-eabi/lib/thumb/v7e-m/fpv4-sp/hard\libc_nano.a(lib_a-mlock.o)
                0x00000000080110dc                __malloc_lock
 .text.__malloc_unlock
                0x00000000080110de        0x2 c:/st/stm32cubeide_1.5.1/stm32cubeide/plugins/com.st.stm32cube.ide.mcu.externaltools.gnu-tools-for-stm32.7-2018-q2-update.win32_1.5.0.202011040924/tools/bin/../lib/gcc/arm-none-eabi/7.3.1/../../../../arm-none-eabi/lib/thumb/v7e-m/fpv4-sp/hard\libc_nano.a(lib_a-mlock.o)
                0x00000000080110de                __malloc_unlock
 .text._Balloc  0x00000000080110e0       0x68 c:/st/stm32cubeide_1.5.1/stm32cubeide/plugins/com.st.stm32cube.ide.mcu.externaltools.gnu-tools-for-stm32.7-2018-q2-update.win32_1.5.0.202011040924/tools/bin/../lib/gcc/arm-none-eabi/7.3.1/../../../../arm-none-eabi/lib/thumb/v7e-m/fpv4-sp/hard\libc_nano.a(lib_a-mprec.o)
                0x00000000080110e0                _Balloc
 .text._Bfree   0x0000000008011148       0x2e c:/st/stm32cubeide_1.5.1/stm32cubeide/plugins/com.st.stm32cube.ide.mcu.externaltools.gnu-tools-for-stm32.7-2018-q2-update.win32_1.5.0.202011040924/tools/bin/../lib/gcc/arm-none-eabi/7.3.1/../../../../arm-none-eabi/lib/thumb/v7e-m/fpv4-sp/hard\libc_nano.a(lib_a-mprec.o)
                0x0000000008011148                _Bfree
 .text.__multadd
                0x0000000008011176       0x76 c:/st/stm32cubeide_1.5.1/stm32cubeide/plugins/com.st.stm32cube.ide.mcu.externaltools.gnu-tools-for-stm32.7-2018-q2-update.win32_1.5.0.202011040924/tools/bin/../lib/gcc/arm-none-eabi/7.3.1/../../../../arm-none-eabi/lib/thumb/v7e-m/fpv4-sp/hard\libc_nano.a(lib_a-mprec.o)
                0x0000000008011176                __multadd
 .text.__hi0bits
                0x00000000080111ec       0x3e c:/st/stm32cubeide_1.5.1/stm32cubeide/plugins/com.st.stm32cube.ide.mcu.externaltools.gnu-tools-for-stm32.7-2018-q2-update.win32_1.5.0.202011040924/tools/bin/../lib/gcc/arm-none-eabi/7.3.1/../../../../arm-none-eabi/lib/thumb/v7e-m/fpv4-sp/hard\libc_nano.a(lib_a-mprec.o)
                0x00000000080111ec                __hi0bits
 .text.__lo0bits
                0x000000000801122a       0x5e c:/st/stm32cubeide_1.5.1/stm32cubeide/plugins/com.st.stm32cube.ide.mcu.externaltools.gnu-tools-for-stm32.7-2018-q2-update.win32_1.5.0.202011040924/tools/bin/../lib/gcc/arm-none-eabi/7.3.1/../../../../arm-none-eabi/lib/thumb/v7e-m/fpv4-sp/hard\libc_nano.a(lib_a-mprec.o)
                0x000000000801122a                __lo0bits
 .text.__i2b    0x0000000008011288       0x12 c:/st/stm32cubeide_1.5.1/stm32cubeide/plugins/com.st.stm32cube.ide.mcu.externaltools.gnu-tools-for-stm32.7-2018-q2-update.win32_1.5.0.202011040924/tools/bin/../lib/gcc/arm-none-eabi/7.3.1/../../../../arm-none-eabi/lib/thumb/v7e-m/fpv4-sp/hard\libc_nano.a(lib_a-mprec.o)
                0x0000000008011288                __i2b
 .text.__multiply
                0x000000000801129a      0x12c c:/st/stm32cubeide_1.5.1/stm32cubeide/plugins/com.st.stm32cube.ide.mcu.externaltools.gnu-tools-for-stm32.7-2018-q2-update.win32_1.5.0.202011040924/tools/bin/../lib/gcc/arm-none-eabi/7.3.1/../../../../arm-none-eabi/lib/thumb/v7e-m/fpv4-sp/hard\libc_nano.a(lib_a-mprec.o)
                0x000000000801129a                __multiply
 *fill*         0x00000000080113c6        0x2 
 .text.__pow5mult
                0x00000000080113c8       0x9c c:/st/stm32cubeide_1.5.1/stm32cubeide/plugins/com.st.stm32cube.ide.mcu.externaltools.gnu-tools-for-stm32.7-2018-q2-update.win32_1.5.0.202011040924/tools/bin/../lib/gcc/arm-none-eabi/7.3.1/../../../../arm-none-eabi/lib/thumb/v7e-m/fpv4-sp/hard\libc_nano.a(lib_a-mprec.o)
                0x00000000080113c8                __pow5mult
 .text.__lshift
                0x0000000008011464       0xa8 c:/st/stm32cubeide_1.5.1/stm32cubeide/plugins/com.st.stm32cube.ide.mcu.externaltools.gnu-tools-for-stm32.7-2018-q2-update.win32_1.5.0.202011040924/tools/bin/../lib/gcc/arm-none-eabi/7.3.1/../../../../arm-none-eabi/lib/thumb/v7e-m/fpv4-sp/hard\libc_nano.a(lib_a-mprec.o)
                0x0000000008011464                __lshift
 .text.__mcmp   0x000000000801150c       0x34 c:/st/stm32cubeide_1.5.1/stm32cubeide/plugins/com.st.stm32cube.ide.mcu.externaltools.gnu-tools-for-stm32.7-2018-q2-update.win32_1.5.0.202011040924/tools/bin/../lib/gcc/arm-none-eabi/7.3.1/../../../../arm-none-eabi/lib/thumb/v7e-m/fpv4-sp/hard\libc_nano.a(lib_a-mprec.o)
                0x000000000801150c                __mcmp
 .text.__mdiff  0x0000000008011540       0xba c:/st/stm32cubeide_1.5.1/stm32cubeide/plugins/com.st.stm32cube.ide.mcu.externaltools.gnu-tools-for-stm32.7-2018-q2-update.win32_1.5.0.202011040924/tools/bin/../lib/gcc/arm-none-eabi/7.3.1/../../../../arm-none-eabi/lib/thumb/v7e-m/fpv4-sp/hard\libc_nano.a(lib_a-mprec.o)
                0x0000000008011540                __mdiff
 .text.__d2b    0x00000000080115fa       0x9e c:/st/stm32cubeide_1.5.1/stm32cubeide/plugins/com.st.stm32cube.ide.mcu.externaltools.gnu-tools-for-stm32.7-2018-q2-update.win32_1.5.0.202011040924/tools/bin/../lib/gcc/arm-none-eabi/7.3.1/../../../../arm-none-eabi/lib/thumb/v7e-m/fpv4-sp/hard\libc_nano.a(lib_a-mprec.o)
                0x00000000080115fa                __d2b
 .text._calloc_r
                0x0000000008011698       0x1c c:/st/stm32cubeide_1.5.1/stm32cubeide/plugins/com.st.stm32cube.ide.mcu.externaltools.gnu-tools-for-stm32.7-2018-q2-update.win32_1.5.0.202011040924/tools/bin/../lib/gcc/arm-none-eabi/7.3.1/../../../../arm-none-eabi/lib/thumb/v7e-m/fpv4-sp/hard\libc_nano.a(lib_a-nano-callocr.o)
                0x0000000008011698                _calloc_r
 .text.__ssputs_r
                0x00000000080116b4       0xb4 c:/st/stm32cubeide_1.5.1/stm32cubeide/plugins/com.st.stm32cube.ide.mcu.externaltools.gnu-tools-for-stm32.7-2018-q2-update.win32_1.5.0.202011040924/tools/bin/../lib/gcc/arm-none-eabi/7.3.1/../../../../arm-none-eabi/lib/thumb/v7e-m/fpv4-sp/hard\libc_nano.a(lib_a-nano-svfprintf.o)