main.c:119:5:main	112	static
main.c:230:6:SystemClock_Config	136	static
main.c:283:13:MX_CRC_Init	8	static
main.c:309:13:MX_DMA2D_Init	8	static
main.c:346:13:MX_I2C3_Init	8	static
main.c:392:13:MX_LTDC_Init	64	static
main.c:454:13:MX_SPI5_Init	8	static
main.c:492:13:MX_TIM1_Init	32	static
main.c:538:13:MX_USART1_UART_Init	8	static
main.c:567:13:MX_FMC_Init	40	static
main.c:618:13:MX_GPIO_Init	64	static
main.c:699:6:DWT_Init	4	static
main.c:705:6:delay_us	24	static
main.c:711:6:Debug_Log	16	static
main.c:716:6:DHT22_SetPinOutput	32	static
main.c:725:6:DHT22_SetPinInput	32	static
main.c:733:9:DHT22_Read	40	static
main.c:792:6:StartDefaultTask	16	static
main.c:812:6:StartTask02	32	static
main.c:841:6:StartTask03	176	static
main.c:885:6:HAL_TIM_PeriodElapsedCallback	16	static
main.c:902:6:Error_Handler	4	static,ignoring_inline_asm
